Component: ARM Compiler 5.06 update 6 (build 750) Tool: armlink [4d35ed]

==============================================================================

Section Cross References

    startup_stm32f103xb.o(RESET) refers to startup_stm32f103xb.o(STACK) for __initial_sp
    startup_stm32f103xb.o(RESET) refers to startup_stm32f103xb.o(.text) for Reset_Handler
    startup_stm32f103xb.o(RESET) refers to stm32f1xx_it.o(i.NMI_Handler) for NMI_Handler
    startup_stm32f103xb.o(RESET) refers to stm32f1xx_it.o(i.HardFault_Handler) for HardFault_Handler
    startup_stm32f103xb.o(RESET) refers to stm32f1xx_it.o(i.MemManage_Handler) for MemManage_Handler
    startup_stm32f103xb.o(RESET) refers to stm32f1xx_it.o(i.BusFault_Handler) for BusFault_Handler
    startup_stm32f103xb.o(RESET) refers to stm32f1xx_it.o(i.UsageFault_Handler) for UsageFault_Handler
    startup_stm32f103xb.o(RESET) refers to stm32f1xx_it.o(i.SVC_Handler) for SVC_Handler
    startup_stm32f103xb.o(RESET) refers to stm32f1xx_it.o(i.DebugMon_Handler) for DebugMon_Handler
    startup_stm32f103xb.o(RESET) refers to stm32f1xx_it.o(i.PendSV_Handler) for PendSV_Handler
    startup_stm32f103xb.o(.text) refers to system_stm32f1xx.o(i.SystemInit) for SystemInit
    startup_stm32f103xb.o(.text) refers to entry.o(.ARM.Collect$$$$00000000) for __main
    bsp_spi_sd.o(i.SD_DisSelect) refers to bsp_spi_sd.o(i.SD_SPI_ReadWriteByte) for SD_SPI_ReadWriteByte
    bsp_spi_sd.o(i.SD_GetCID) refers to bsp_spi_sd.o(i.SD_SendCmd) for SD_SendCmd
    bsp_spi_sd.o(i.SD_GetCID) refers to bsp_spi_sd.o(i.SD_RecvData) for SD_RecvData
    bsp_spi_sd.o(i.SD_GetCID) refers to bsp_spi_sd.o(i.SD_DisSelect) for SD_DisSelect
    bsp_spi_sd.o(i.SD_GetCSD) refers to bsp_spi_sd.o(i.SD_SendCmd) for SD_SendCmd
    bsp_spi_sd.o(i.SD_GetCSD) refers to bsp_spi_sd.o(i.SD_RecvData) for SD_RecvData
    bsp_spi_sd.o(i.SD_GetCSD) refers to bsp_spi_sd.o(i.SD_DisSelect) for SD_DisSelect
    bsp_spi_sd.o(i.SD_GetResponse) refers to bsp_spi_sd.o(i.SD_SPI_ReadWriteByte) for SD_SPI_ReadWriteByte
    bsp_spi_sd.o(i.SD_GetSectorCount) refers to bsp_spi_sd.o(i.SD_GetCSD) for SD_GetCSD
    bsp_spi_sd.o(i.SD_Init) refers to bsp_spi_sd.o(i.SD_SPI_ReadWriteByte) for SD_SPI_ReadWriteByte
    bsp_spi_sd.o(i.SD_Init) refers to bsp_spi_sd.o(i.SD_SendCmd) for SD_SendCmd
    bsp_spi_sd.o(i.SD_Init) refers to bsp_spi_sd.o(i.SD_DisSelect) for SD_DisSelect
    bsp_spi_sd.o(i.SD_Init) refers to stm32f1xx_hal_spi.o(i.HAL_SPI_DeInit) for HAL_SPI_DeInit
    bsp_spi_sd.o(i.SD_Init) refers to bsp_spi_sd.o(i.SD_SPI_SpeedHigh) for SD_SPI_SpeedHigh
    bsp_spi_sd.o(i.SD_Init) refers to bsp_spi_sd.o(.data) for SD_Type
    bsp_spi_sd.o(i.SD_Init) refers to spi.o(.bss) for hspi1
    bsp_spi_sd.o(i.SD_ReadDisk) refers to bsp_spi_sd.o(i.SD_SendCmd) for SD_SendCmd
    bsp_spi_sd.o(i.SD_ReadDisk) refers to bsp_spi_sd.o(i.SD_RecvData) for SD_RecvData
    bsp_spi_sd.o(i.SD_ReadDisk) refers to bsp_spi_sd.o(i.SD_DisSelect) for SD_DisSelect
    bsp_spi_sd.o(i.SD_ReadDisk) refers to bsp_spi_sd.o(.data) for SD_Type
    bsp_spi_sd.o(i.SD_RecvData) refers to bsp_spi_sd.o(i.SD_GetResponse) for SD_GetResponse
    bsp_spi_sd.o(i.SD_RecvData) refers to bsp_spi_sd.o(i.SD_SPI_ReadWriteByte) for SD_SPI_ReadWriteByte
    bsp_spi_sd.o(i.SD_SPI_ReadWriteByte) refers to stm32f1xx_hal_spi.o(i.HAL_SPI_TransmitReceive) for HAL_SPI_TransmitReceive
    bsp_spi_sd.o(i.SD_SPI_ReadWriteByte) refers to spi.o(.bss) for hspi1
    bsp_spi_sd.o(i.SD_SPI_SpeedHigh) refers to stm32f1xx_hal_spi.o(i.HAL_SPI_DeInit) for HAL_SPI_DeInit
    bsp_spi_sd.o(i.SD_SPI_SpeedHigh) refers to stm32f1xx_hal_spi_ex.o(i.HAL_SPI_Init) for HAL_SPI_Init
    bsp_spi_sd.o(i.SD_SPI_SpeedHigh) refers to main.o(i.Error_Handler) for Error_Handler
    bsp_spi_sd.o(i.SD_SPI_SpeedHigh) refers to spi.o(.bss) for hspi1
    bsp_spi_sd.o(i.SD_SPI_SpeedLow) refers to stm32f1xx_hal_spi.o(i.HAL_SPI_DeInit) for HAL_SPI_DeInit
    bsp_spi_sd.o(i.SD_SPI_SpeedLow) refers to stm32f1xx_hal_spi_ex.o(i.HAL_SPI_Init) for HAL_SPI_Init
    bsp_spi_sd.o(i.SD_SPI_SpeedLow) refers to main.o(i.Error_Handler) for Error_Handler
    bsp_spi_sd.o(i.SD_SPI_SpeedLow) refers to spi.o(.bss) for hspi1
    bsp_spi_sd.o(i.SD_Select) refers to bsp_spi_sd.o(i.SD_WaitReady) for SD_WaitReady
    bsp_spi_sd.o(i.SD_Select) refers to bsp_spi_sd.o(i.SD_DisSelect) for SD_DisSelect
    bsp_spi_sd.o(i.SD_SendBlock) refers to bsp_spi_sd.o(i.SD_WaitReady) for SD_WaitReady
    bsp_spi_sd.o(i.SD_SendBlock) refers to bsp_spi_sd.o(i.SD_SPI_ReadWriteByte) for SD_SPI_ReadWriteByte
    bsp_spi_sd.o(i.SD_SendCmd) refers to bsp_spi_sd.o(i.SD_DisSelect) for SD_DisSelect
    bsp_spi_sd.o(i.SD_SendCmd) refers to bsp_spi_sd.o(i.SD_Select) for SD_Select
    bsp_spi_sd.o(i.SD_SendCmd) refers to bsp_spi_sd.o(i.SD_SPI_ReadWriteByte) for SD_SPI_ReadWriteByte
    bsp_spi_sd.o(i.SD_WaitReady) refers to bsp_spi_sd.o(i.SD_SPI_ReadWriteByte) for SD_SPI_ReadWriteByte
    bsp_spi_sd.o(i.SD_WriteDisk) refers to bsp_spi_sd.o(i.SD_SendCmd) for SD_SendCmd
[...]
    Removing stm32f1xx_hal_cortex.o(i.HAL_NVIC_DisableIRQ), (28 bytes).
    Removing stm32f1xx_hal_cortex.o(i.HAL_NVIC_EnableIRQ), (26 bytes).
    Removing stm32f1xx_hal_cortex.o(i.HAL_NVIC_GetActive), (40 bytes).
    Removing stm32f1xx_hal_cortex.o(i.HAL_NVIC_GetPendingIRQ), (40 bytes).
    Removing stm32f1xx_hal_cortex.o(i.HAL_NVIC_GetPriority), (148 bytes).
    Removing stm32f1xx_hal_cortex.o(i.HAL_NVIC_GetPriorityGrouping), (8 bytes).
    Removing stm32f1xx_hal_cortex.o(i.HAL_NVIC_SetPendingIRQ), (28 bytes).
    Removing stm32f1xx_hal_cortex.o(i.HAL_NVIC_SystemReset), (68 bytes).
    Removing stm32f1xx_hal_cortex.o(i.HAL_SYSTICK_CLKSourceConfig), (40 bytes).
    Removing stm32f1xx_hal_cortex.o(i.HAL_SYSTICK_Callback), (2 bytes).
    Removing stm32f1xx_hal_cortex.o(i.HAL_SYSTICK_IRQHandler), (8 bytes).
    Removing stm32f1xx_hal_pwr.o(.rev16_text), (4 bytes).
    Removing stm32f1xx_hal_pwr.o(.revsh_text), (4 bytes).
    Removing stm32f1xx_hal_pwr.o(.rrx_text), (6 bytes).
    Removing stm32f1xx_hal_pwr.o(i.HAL_PWR_ConfigPVD), (180 bytes).
    Removing stm32f1xx_hal_pwr.o(i.HAL_PWR_DeInit), (28 bytes).
    Removing stm32f1xx_hal_pwr.o(i.HAL_PWR_DisableBkUpAccess), (12 bytes).
    Removing stm32f1xx_hal_pwr.o(i.HAL_PWR_DisablePVD), (12 bytes).
    Removing stm32f1xx_hal_pwr.o(i.HAL_PWR_DisableSEVOnPend), (20 bytes).
    Removing stm32f1xx_hal_pwr.o(i.HAL_PWR_DisableSleepOnExit), (20 bytes).
    Removing stm32f1xx_hal_pwr.o(i.HAL_PWR_DisableWakeUpPin), (28 bytes).
    Removing stm32f1xx_hal_pwr.o(i.HAL_PWR_EnableBkUpAccess), (12 bytes).
    Removing stm32f1xx_hal_pwr.o(i.HAL_PWR_EnablePVD), (12 bytes).
    Removing stm32f1xx_hal_pwr.o(i.HAL_PWR_EnableSEVOnPend), (20 bytes).
    Removing stm32f1xx_hal_pwr.o(i.HAL_PWR_EnableSleepOnExit), (20 bytes).
    Removing stm32f1xx_hal_pwr.o(i.HAL_PWR_EnableWakeUpPin), (28 bytes).
    Removing stm32f1xx_hal_pwr.o(i.HAL_PWR_EnterSLEEPMode), (32 bytes).
    Removing stm32f1xx_hal_pwr.o(i.HAL_PWR_EnterSTANDBYMode), (40 bytes).
    Removing stm32f1xx_hal_pwr.o(i.HAL_PWR_EnterSTOPMode), (84 bytes).
    Removing stm32f1xx_hal_pwr.o(i.HAL_PWR_PVDCallback), (2 bytes).
    Removing stm32f1xx_hal_pwr.o(i.HAL_PWR_PVD_IRQHandler), (32 bytes).
    Removing stm32f1xx_hal_pwr.o(i.PWR_OverloadWfe), (6 bytes).
    Removing stm32f1xx_hal_flash.o(.rev16_text), (4 bytes).
    Removing stm32f1xx_hal_flash.o(.revsh_text), (4 bytes).
    Removing stm32f1xx_hal_flash.o(.rrx_text), (6 bytes).
    Removing stm32f1xx_hal_flash.o(i.FLASH_Program_HalfWord), (32 bytes).
    Removing stm32f1xx_hal_flash.o(i.FLASH_SetErrorCode), (132 bytes).
    Removing stm32f1xx_hal_flash.o(i.FLASH_WaitForLastOperation), (112 bytes).
    Removing stm32f1xx_hal_flash.o(i.HAL_FLASH_EndOfOperationCallback), (2 bytes).
    Removing stm32f1xx_hal_flash.o(i.HAL_FLASH_GetError), (12 bytes).
    Removing stm32f1xx_hal_flash.o(i.HAL_FLASH_IRQHandler), (384 bytes).
    Removing stm32f1xx_hal_flash.o(i.HAL_FLASH_Lock), (20 bytes).
    Removing stm32f1xx_hal_flash.o(i.HAL_FLASH_OB_Launch), (8 bytes).
    Removing stm32f1xx_hal_flash.o(i.HAL_FLASH_OB_Lock), (20 bytes).
    Removing stm32f1xx_hal_flash.o(i.HAL_FLASH_OB_Unlock), (44 bytes).
    Removing stm32f1xx_hal_flash.o(i.HAL_FLASH_OperationErrorCallback), (2 bytes).
    Removing stm32f1xx_hal_flash.o(i.HAL_FLASH_Program), (176 bytes).
    Removing stm32f1xx_hal_flash.o(i.HAL_FLASH_Program_IT), (124 bytes).
    Removing stm32f1xx_hal_flash.o(i.HAL_FLASH_Unlock), (48 bytes).
    Removing stm32f1xx_hal_flash.o(.bss), (32 bytes).
    Removing stm32f1xx_hal_flash_ex.o(.rev16_text), (4 bytes).
    Removing stm32f1xx_hal_flash_ex.o(.revsh_text), (4 bytes).
    Removing stm32f1xx_hal_flash_ex.o(.rrx_text), (6 bytes).
    Removing stm32f1xx_hal_flash_ex.o(i.FLASH_MassErase), (40 bytes).
    Removing stm32f1xx_hal_flash_ex.o(i.FLASH_OB_DisableWRP), (232 bytes).
    Removing stm32f1xx_hal_flash_ex.o(i.FLASH_OB_EnableWRP), (236 bytes).
    Removing stm32f1xx_hal_flash_ex.o(i.FLASH_OB_GetRDP), (28 bytes).
    Removing stm32f1xx_hal_flash_ex.o(i.FLASH_OB_GetUser), (16 bytes).
    Removing stm32f1xx_hal_flash_ex.o(i.FLASH_OB_GetWRP), (12 bytes).
    Removing stm32f1xx_hal_flash_ex.o(i.FLASH_OB_ProgramData), (76 bytes).
    Removing stm32f1xx_hal_flash_ex.o(i.FLASH_OB_RDP_LevelConfig), (124 bytes).
    Removing stm32f1xx_hal_flash_ex.o(i.FLASH_OB_UserConfig), (84 bytes).
    Removing stm32f1xx_hal_flash_ex.o(i.FLASH_PageErase), (40 bytes).
    Removing stm32f1xx_hal_flash_ex.o(i.HAL_FLASHEx_Erase), (176 bytes).
    Removing stm32f1xx_hal_flash_ex.o(i.HAL_FLASHEx_Erase_IT), (100 bytes).
    Removing stm32f1xx_hal_flash_ex.o(i.HAL_FLASHEx_OBErase), (96 bytes).
    Removing stm32f1xx_hal_flash_ex.o(i.HAL_FLASHEx_OBGetConfig), (28 bytes).
    Removing stm32f1xx_hal_flash_ex.o(i.HAL_FLASHEx_OBGetUserData), (40 bytes).
    Removing stm32f1xx_hal_flash_ex.o(i.HAL_FLASHEx_OBProgram), (200 bytes).
    Removing system_stm32f1xx.o(.rev16_text), (4 bytes).
    Removing system_stm32f1xx.o(.revsh_text), (4 bytes).
    Removing system_stm32f1xx.o(.rrx_text), (6 bytes).
    Removing system_stm32f1xx.o(i.SystemCoreClockUpdate), (172 bytes).
    Removing diskio.o(.rev16_text), (4 bytes).
    Removing diskio.o(.revsh_text), (4 bytes).
    Removing diskio.o(.rrx_text), (6 bytes).
    Removing diskio.o(i.get_fattime), (4 bytes).
    Removing diskio.o(.constdata), (7 bytes).
    Removing ff.o(.rev16_text), (4 bytes).
    Removing ff.o(.revsh_text), (4 bytes).
    Removing ff.o(.rrx_text), (6 bytes).
    Removing ff.o(i.dir_read), (122 bytes).
    Removing ff.o(i.dir_remove), (68 bytes).
    Removing ff.o(i.f_chmod), (90 bytes).
    Removing ff.o(i.f_closedir), (42 bytes).
    Removing ff.o(i.f_getfree), (274 bytes).
    Removing ff.o(i.f_gets), (86 bytes).
    Removing ff.o(i.f_lseek), (834 bytes).
    Removing ff.o(i.f_mkdir), (360 bytes).
    Removing ff.o(i.f_mkfs), (1604 bytes).
    Removing ff.o(i.f_opendir), (166 bytes).
    Removing ff.o(i.f_printf), (628 bytes).
    Removing ff.o(i.f_putc), (64 bytes).
    Removing ff.o(i.f_puts), (74 bytes).
    Removing ff.o(i.f_read), (516 bytes).
    Removing ff.o(i.f_readdir), (92 bytes).
    Removing ff.o(i.f_rename), (312 bytes).
    Removing ff.o(i.f_stat), (64 bytes).
    Removing ff.o(i.f_truncate), (236 bytes).
    Removing ff.o(i.f_unlink), (198 bytes).
    Removing ff.o(i.f_utime), (92 bytes).
    Removing ff.o(i.get_fileinfo), (114 bytes).
    Removing ff.o(i.putc_bfd), (78 bytes).
    Removing ff_gen_drv.o(.rev16_text), (4 bytes).
    Removing ff_gen_drv.o(.revsh_text), (4 bytes).
    Removing ff_gen_drv.o(.rrx_text), (6 bytes).
    Removing ff_gen_drv.o(i.FATFS_GetAttachedDriversNbr), (12 bytes).
    Removing ff_gen_drv.o(i.FATFS_UnLinkDriver), (14 bytes).
    Removing ff_gen_drv.o(i.FATFS_UnLinkDriverEx), (68 bytes).
    Removing ff_gen_drv.o(.constdata), (7 bytes).
    Removing syscall.o(.rev16_text), (4 bytes).
    Removing syscall.o(.revsh_text), (4 bytes).
    Removing syscall.o(.rrx_text), (6 bytes).
    Removing syscall.o(.constdata), (7 bytes).

410 unused section(s) (total 35255 bytes) removed from the image.

==============================================================================

Image Symbol Table

    Local Symbols

    Symbol Name                              Value     Ov Type        Size  Object(Section)

    ../Core/Src/gpio.c                       0x00000000   Number         0  gpio.o ABSOLUTE
    ../Core/Src/i2c.c                        0x00000000   Number         0  i2c.o ABSOLUTE
    ../Core/Src/main.c                       0x00000000   Number         0  main.o ABSOLUTE
    ../Core/Src/spi.c                        0x00000000   Number         0  spi.o ABSOLUTE
    ../Core/Src/stm32f1xx_hal_msp.c          0x00000000   Number         0  stm32f1xx_hal_msp.o ABSOLUTE
    ../Core/Src/stm32f1xx_it.c               0x00000000   Number         0  stm32f1xx_it.o ABSOLUTE
    ../Core/Src/system_stm32f1xx.c           0x00000000   Number         0  system_stm32f1xx.o ABSOLUTE
    ../Drivers/STM32F1xx_HAL_Driver/Src/stm32f1xx_hal.c 0x00000000   Number         0  stm32f1xx_hal.o ABSOLUTE
    ../Drivers/STM32F1xx_HAL_Driver/Src/stm32f1xx_hal_cortex.c 0x00000000   Number         0  stm32f1xx_hal_cortex.o ABSOLUTE
    ../Drivers/STM32F1xx_HAL_Driver/Src/stm32f1xx_hal_dma.c 0x00000000   Number         0  stm32f1xx_hal_dma.o ABSOLUTE
    ../Drivers/STM32F1xx_HAL_Driver/Src/stm32f1xx_hal_flash.c 0x00000000   Number         0  stm32f1xx_hal_flash.o ABSOLUTE
    ../Drivers/STM32F1xx_HAL_Driver/Src/stm32f1xx_hal_flash_ex.c 0x00000000   Number         0  stm32f1xx_hal_flash_ex.o ABSOLUTE
    ../Drivers/STM32F1xx_HAL_Driver/Src/stm32f1xx_hal_gpio.c 0x00000000   Number         0  stm32f1xx_hal_gpio.o ABSOLUTE
    ../Drivers/STM32F1xx_HAL_Driver/Src/stm32f1xx_hal_gpio_ex.c 0x00000000   Number         0  stm32f1xx_hal_gpio_ex.o ABSOLUTE
    ../Drivers/STM32F1xx_HAL_Driver/Src/stm32f1xx_hal_i2c.c 0x00000000   Number         0  stm32f1xx_hal_i2c.o ABSOLUTE
    ../Drivers/STM32F1xx_HAL_Driver/Src/stm32f1xx_hal_pwr.c 0x00000000   Number         0  stm32f1xx_hal_pwr.o ABSOLUTE
    ../Drivers/STM32F1xx_HAL_Driver/Src/stm32f1xx_hal_rcc.c 0x00000000   Number         0  stm32f1xx_hal_rcc.o ABSOLUTE
    ../Drivers/STM32F1xx_HAL_Driver/Src/stm32f1xx_hal_rcc_ex.c 0x00000000   Number         0  stm32f1xx_hal_rcc_ex.o ABSOLUTE
    ../Drivers/STM32F1xx_HAL_Driver/Src/stm32f1xx_hal_spi.c 0x00000000   Number         0  stm32f1xx_hal_spi.o ABSOLUTE
    ../Drivers/STM32F1xx_HAL_Driver/Src/stm32f1xx_hal_spi_ex.c 0x00000000   Number         0  stm32f1xx_hal_spi_ex.o ABSOLUTE
    ../Drivers/STM32F1xx_HAL_Driver/Src/stm32f1xx_hal_tim.c 0x00000000   Number         0  stm32f1xx_hal_tim.o ABSOLUTE
    ../Drivers/STM32F1xx_HAL_Driver/Src/stm32f1xx_hal_tim_ex.c 0x00000000   Number         0  stm32f1xx_hal_tim_ex.o ABSOLUTE
    ../Drivers/STM32F1xx_HAL_Driver/Src/stm32f1xx_ll_exti.c 0x00000000   Number         0  stm32f1xx_ll_exti.o ABSOLUTE
    ../Drivers/STM32F1xx_HAL_Driver/Src/stm32f1xx_ll_gpio.c 0x00000000   Number         0  stm32f1xx_ll_gpio.o ABSOLUTE
    ../Drivers/STM32F1xx_HAL_Driver/Src/stm32f1xx_ll_rcc.c 0x00000000   Number         0  stm32f1xx_ll_rcc.o ABSOLUTE
    ../Drivers/STM32F1xx_HAL_Driver/Src/stm32f1xx_ll_utils.c 0x00000000   Number         0  stm32f1xx_ll_utils.o ABSOLUTE
    ../FATFS/App/fatfs.c                     0x00000000   Number         0  fatfs.o ABSOLUTE
    ../FATFS/Target/user_diskio.c            0x00000000   Number         0  user_diskio.o ABSOLUTE
    ../Middlewares/Third_Party/FatFs/src/diskio.c 0x00000000   Number         0  diskio.o ABSOLUTE
    ../Middlewares/Third_Party/FatFs/src/ff.c 0x00000000   Number         0  ff.o ABSOLUTE
    ../Middlewares/Third_Party/FatFs/src/ff_gen_drv.c 0x00000000   Number         0  ff_gen_drv.o ABSOLUTE
    ../Middlewares/Third_Party/FatFs/src/option/syscall.c 0x00000000   Number         0  syscall.o ABSOLUTE
    ../clib/microlib/division.c              0x00000000   Number         0  uidiv.o ABSOLUTE
    ../clib/microlib/division.c              0x00000000   Number         0  uldiv.o ABSOLUTE
    ../clib/microlib/init/entry.s            0x00000000   Number         0  entry2.o ABSOLUTE
    ../clib/microlib/init/entry.s            0x00000000   Number         0  entry11a.o ABSOLUTE
    ../clib/microlib/init/entry.s            0x00000000   Number         0  entry10b.o ABSOLUTE
    ../clib/microlib/init/entry.s            0x00000000   Number         0  entry11b.o ABSOLUTE
    ../clib/microlib/init/entry.s            0x00000000   Number         0  entry10a.o ABSOLUTE
    ../clib/microlib/init/entry.s            0x00000000   Number         0  entry9b.o ABSOLUTE
    ../clib/microlib/init/entry.s            0x00000000   Number         0  entry8a.o ABSOLUTE
    ../clib/microlib/init/entry.s            0x00000000   Number         0  entry.o ABSOLUTE
    ../clib/microlib/init/entry.s            0x00000000   Number         0  entry9a.o ABSOLUTE
    ../clib/microlib/init/entry.s            0x00000000   Number         0  entry8b.o ABSOLUTE
    ../clib/microlib/init/entry.s            0x00000000   Number         0  entry7b.o ABSOLUTE
    ../clib/microlib/init/entry.s            0x00000000   Number         0  entry7a.o ABSOLUTE
    ../clib/microlib/init/entry.s            0x00000000   Number         0  entry5.o ABSOLUTE
    ../clib/microlib/longlong.c              0x00000000   Number         0  llshl.o ABSOLUTE
    ../clib/microlib/longlong.c              0x00000000   Number         0  llsshr.o ABSOLUTE
    ../clib/microlib/longlong.c              0x00000000   Number         0  llushr.o ABSOLUTE
    ../clib/microlib/printf/printf.c         0x00000000   Number         0  printf8.o ABSOLUTE
    ../clib/microlib/printf/printf.c         0x00000000   Number         0  printf7.o ABSOLUTE
    ../clib/microlib/printf/printf.c         0x00000000   Number         0  printf5.o ABSOLUTE
    ../clib/microlib/printf/printf.c         0x00000000   Number         0  printf4.o ABSOLUTE
    ../clib/microlib/printf/printf.c         0x00000000   Number         0  printf3.o ABSOLUTE
    ../clib/microlib/printf/printf.c         0x00000000   Number         0  printf2.o ABSOLUTE
    ../clib/microlib/printf/printf.c         0x00000000   Number         0  printf1.o ABSOLUTE
    ../clib/microlib/printf/printf.c         0x00000000   Number         0  printf0.o ABSOLUTE
    ../clib/microlib/printf/printf.c         0x00000000   Number         0  printfb.o ABSOLUTE
    ../clib/microlib/printf/printf.c         0x00000000   Number         0  printf6.o ABSOLUTE
    ../clib/microlib/printf/printf.c         0x00000000   Number         0  printfa.o ABSOLUTE
    ../clib/microlib/printf/stubs.s          0x00000000   Number         0  stubs.o ABSOLUTE
    ../clib/microlib/stdio/fputc.c           0x00000000   Number         0  fputc.o ABSOLUTE
    ../clib/microlib/stdio/semi.s            0x00000000   Number         0  semi.o ABSOLUTE
    ../clib/microlib/stdio/streams.c         0x00000000   Number         0  stdout.o ABSOLUTE
    ../clib/microlib/string/memset.c         0x00000000   Number         0  memseta.o ABSOLUTE
    ../clib/microlib/string/strcat.c         0x00000000   Number         0  strcat.o ABSOLUTE
    ../clib/microlib/stubs.s                 0x00000000   Number         0  iusesemip.o ABSOLUTE
    ../clib/microlib/stubs.s                 0x00000000   Number         0  iusefp.o ABSOLUTE
    ../fplib/microlib/fpadd.c                0x00000000   Number         0  dadd.o ABSOLUTE
    ../fplib/microlib/fpdiv.c                0x00000000   Number         0  ddiv.o ABSOLUTE
    ../fplib/microlib/fpepilogue.c           0x00000000   Number         0  depilogue.o ABSOLUTE
    ../fplib/microlib/fpfix.c                0x00000000   Number         0  dfixul.o ABSOLUTE
    ../fplib/microlib/fpflt.c                0x00000000   Number         0  dfltui.o ABSOLUTE
    ../fplib/microlib/fpmul.c                0x00000000   Number         0  dmul.o ABSOLUTE
    ..\BSP\BSP_FDC2214.c                     0x00000000   Number         0  bsp_fdc2214.o ABSOLUTE
    ..\BSP\BSP_SPI_SD.c                      0x00000000   Number         0  bsp_spi_sd.o ABSOLUTE
    ..\Core\Src\gpio.c                       0x00000000   Number         0  gpio.o ABSOLUTE
    ..\Core\Src\i2c.c                        0x00000000   Number         0  i2c.o ABSOLUTE
    ..\Core\Src\main.c                       0x00000000   Number         0  main.o ABSOLUTE
    ..\Core\Src\spi.c                        0x00000000   Number         0  spi.o ABSOLUTE
    ..\Core\Src\stm32f1xx_hal_msp.c          0x00000000   Number         0  stm32f1xx_hal_msp.o ABSOLUTE
    ..\Core\Src\stm32f1xx_it.c               0x00000000   Number         0  stm32f1xx_it.o ABSOLUTE
    ..\Core\Src\system_stm32f1xx.c           0x00000000   Number         0  system_stm32f1xx.o ABSOLUTE
    ..\Drivers\STM32F1xx_HAL_Driver\Src\stm32f1xx_hal.c 0x00000000   Number         0  stm32f1xx_hal.o ABSOLUTE
    ..\Drivers\STM32F1xx_HAL_Driver\Src\stm32f1xx_hal_cortex.c 0x00000000   Number         0  stm32f1xx_hal_cortex.o ABSOLUTE
    ..\Drivers\STM32F1xx_HAL_Driver\Src\stm32f1xx_hal_dma.c 0x00000000   Number         0  stm32f1xx_hal_dma.o ABSOLUTE
    ..\Drivers\STM32F1xx_HAL_Driver\Src\stm32f1xx_hal_flash.c 0x00000000   Number         0  stm32f1xx_hal_flash.o ABSOLUTE
    ..\Drivers\STM32F1xx_HAL_Driver\Src\stm32f1xx_hal_flash_ex.c 0x00000000   Number         0  stm32f1xx_hal_flash_ex.o ABSOLUTE
    ..\Drivers\STM32F1xx_HAL_Driver\Src\stm32f1xx_hal_gpio.c 0x00000000   Number         0  stm32f1xx_hal_gpio.o ABSOLUTE
    ..\Drivers\STM32F1xx_HAL_Driver\Src\stm32f1xx_hal_gpio_ex.c 0x00000000   Number         0  stm32f1xx_hal_gpio_ex.o ABSOLUTE
    ..\Drivers\STM32F1xx_HAL_Driver\Src\stm32f1xx_hal_i2c.c 0x00000000   Number         0  stm32f1xx_hal_i2c.o ABSOLUTE
    ..\Drivers\STM32F1xx_HAL_Driver\Src\stm32f1xx_hal_pwr.c 0x00000000   Number         0  stm32f1xx_hal_pwr.o ABSOLUTE
    ..\Drivers\STM32F1xx_HAL_Driver\Src\stm32f1xx_hal_rcc.c 0x00000000   Number         0  stm32f1xx_hal_rcc.o ABSOLUTE
    ..\Drivers\STM32F1xx_HAL_Driver\Src\stm32f1xx_hal_rcc_ex.c 0x00000000   Number         0  stm32f1xx_hal_rcc_ex.o ABSOLUTE
    ..\Drivers\STM32F1xx_HAL_Driver\Src\stm32f1xx_hal_spi.c 0x00000000   Number         0  stm32f1xx_hal_spi.o ABSOLUTE
    ..\Drivers\STM32F1xx_HAL_Driver\Src\stm32f1xx_hal_spi_ex.c 0x00000000   Number         0  stm32f1xx_hal_spi_ex.o ABSOLUTE
    ..\Drivers\STM32F1xx_HAL_Driver\Src\stm32f1xx_hal_tim.c 0x00000000   Number         0  stm32f1xx_hal_tim.o ABSOLUTE
    ..\Drivers\STM32F1xx_HAL_Driver\Src\stm32f1xx_hal_tim_ex.c 0x00000000   Number         0  stm32f1xx_hal_tim_ex.o ABSOLUTE
    ..\Drivers\STM32F1xx_HAL_Driver\Src\stm32f1xx_ll_exti.c 0x00000000   Number         0  stm32f1xx_ll_exti.o ABSOLUTE
    ..\Drivers\STM32F1xx_HAL_Driver\Src\stm32f1xx_ll_gpio.c 0x00000000   Number         0  stm32f1xx_ll_gpio.o ABSOLUTE
    ..\Drivers\STM32F1xx_HAL_Driver\Src\stm32f1xx_ll_rcc.c 0x00000000   Number         0  stm32f1xx_ll_rcc.o ABSOLUTE
    ..\Drivers\STM32F1xx_HAL_Driver\Src\stm32f1xx_ll_utils.c 0x00000000   Number         0  stm32f1xx_ll_utils.o ABSOLUTE
    ..\FATFS\App\fatfs.c                     0x00000000   Number         0  fatfs.o ABSOLUTE
    ..\FATFS\Target\user_diskio.c            0x00000000   Number         0  user_diskio.o ABSOLUTE
    ..\Middlewares\Third_Party\FatFs\src\diskio.c 0x00000000   Number         0  diskio.o ABSOLUTE
    ..\Middlewares\Third_Party\FatFs\src\ff.c 0x00000000   Number         0  ff.o ABSOLUTE
    ..\Middlewares\Third_Party\FatFs\src\ff_gen_drv.c 0x00000000   Number         0  ff_gen_drv.o ABSOLUTE
    ..\Middlewares\Third_Party\FatFs\src\option\syscall.c 0x00000000   Number         0  syscall.o ABSOLUTE
    ..\\BSP\\BSP_FDC2214.c                   0x00000000   Number         0  bsp_fdc2214.o ABSOLUTE
    ..\\BSP\\BSP_SPI_SD.c                    0x00000000   Number         0  bsp_spi_sd.o ABSOLUTE
    cdrcmple.s                               0x00000000   Number         0  cdrcmple.o ABSOLUTE
    dc.s                                     0x00000000   Number         0  dc.o ABSOLUTE
    handlers.s                               0x00000000   Number         0  handlers.o ABSOLUTE
    init.s                                   0x00000000   Number         0  init.o ABSOLUTE
    startup_stm32f103xb.s                    0x00000000   Number         0  startup_stm32f103xb.o ABSOLUTE
    RESET                                    0x08000000   Section      236  startup_stm32f103xb.o(RESET)
    .ARM.Collect$$$$00000000                 0x080000ec   Section        0  entry.o(.ARM.Collect$$$$00000000)
    .ARM.Collect$$$$00000001                 0x080000ec   Section        4  entry2.o(.ARM.Collect$$$$00000001)
    .ARM.Collect$$$$00000004                 0x080000f0   Section        4  entry5.o(.ARM.Collect$$$$00000004)
    .ARM.Collect$$$$00000008                 0x080000f4   Section        0  entry7b.o(.ARM.Collect$$$$00000008)
    .ARM.Collect$$$$0000000A                 0x080000f4   Section        0  entry8b.o(.ARM.Collect$$$$0000000A)
    .ARM.Collect$$$$0000000B                 0x080000f4   Section        8  entry9a.o(.ARM.Collect$$$$0000000B)
    .ARM.Collect$$$$0000000D                 0x080000fc   Section        0  entry10a.o(.ARM.Collect$$$$0000000D)
    .ARM.Collect$$$$0000000F                 0x080000fc   Section        0  entry11a.o(.ARM.Collect$$$$0000000F)
    .ARM.Collect$$$$00002712                 0x080000fc   Section        4  entry2.o(.ARM.Collect$$$$00002712)
    __lit__00000000                          0x080000fc   Data           4  entry2.o(.ARM.Collect$$$$00002712)
    .text                                    0x08000100   Section       36  startup_stm32f103xb.o(.text)
    .text                                    0x08000124   Section        0  llushr.o(.text)
    .text                                    0x08000144   Section        0  memseta.o(.text)
    .text                                    0x08000168   Section        0  strcat.o(.text)
    .text                                    0x08000180   Section        0  dmul.o(.text)
    .text                                    0x08000264   Section        0  ddiv.o(.text)
    .text                                    0x08000342   Section        0  dfltui.o(.text)
    .text                                    0x0800035c   Section        0  uidiv.o(.text)
    .text                                    0x08000388   Section        0  uldiv.o(.text)
    .text                                    0x080003ea   Section        0  depilogue.o(.text)
    .text                                    0x080003ea   Section        0  iusefp.o(.text)
    .text                                    0x080004a4   Section        0  dadd.o(.text)
    .text                                    0x080005f2   Section        0  dfixul.o(.text)
    .text                                    0x08000624   Section       48  cdrcmple.o(.text)
    .text                                    0x08000654   Section       36  init.o(.text)
    .text                                    0x08000678   Section        0  llshl.o(.text)
    .text                                    0x08000696   Section        0  llsshr.o(.text)
    i.BusFault_Handler                       0x080006ba   Section        0  stm32f1xx_it.o(i.BusFault_Handler)
    i.DebugMon_Handler                       0x080006be   Section        0  stm32f1xx_it.o(i.DebugMon_Handler)
    i.Error_Handler                          0x080006c0   Section        0  main.o(i.Error_Handler)
    i.FATFS_LinkDriver                       0x080006c2   Section        0  ff_gen_drv.o(i.FATFS_LinkDriver)
    i.FATFS_LinkDriverEx                     0x080006d4   Section        0  ff_gen_drv.o(i.FATFS_LinkDriverEx)
    i.FCD2214_GetCap_Data                    0x08000728   Section        0  bsp_fdc2214.o(i.FCD2214_GetCap_Data)
    i.FDC2214_Calculate_Cap                  0x080007a4   Section        0  bsp_fdc2214.o(i.FDC2214_Calculate_Cap)
    i.FDC2214_Init                           0x080007dc   Section        0  bsp_fdc2214.o(i.FDC2214_Init)
    i.FDC2214_ReadReg                        0x08000898   Section        0  bsp_fdc2214.o(i.FDC2214_ReadReg)
    i.FDC2214_WriteReg                       0x080008d8   Section        0  bsp_fdc2214.o(i.FDC2214_WriteReg)
    i.FDC_I2C2_ErrHandel                     0x08000914   Section        0  bsp_fdc2214.o(i.FDC_I2C2_ErrHandel)
    i.HAL_GPIO_DeInit                        0x08000928   Section        0  stm32f1xx_hal_gpio.o(i.HAL_GPIO_DeInit)
    i.HAL_GPIO_Init                          0x08000a60   Section        0  stm32f1xx_hal_gpio.o(i.HAL_GPIO_Init)
    i.HAL_GetTick                            0x08000d7c   Section        0  stm32f1xx_hal.o(i.HAL_GetTick)
    i.HAL_I2C_DeInit                         0x08000d88   Section        0  stm32f1xx_hal_i2c.o(i.HAL_I2C_DeInit)
    i.HAL_I2C_Init                           0x08000dc4   Section        0  stm32f1xx_hal_i2c.o(i.HAL_I2C_Init)
    i.HAL_I2C_Mem_Read                       0x08000f40   Section        0  stm32f1xx_hal_i2c.o(i.HAL_I2C_Mem_Read)
    i.HAL_I2C_Mem_Write                      0x08001288   Section        0  stm32f1xx_hal_i2c.o(i.HAL_I2C_Mem_Write)
    i.HAL_I2C_MspDeInit                      0x08001410   Section        0  i2c.o(i.HAL_I2C_MspDeInit)
    i.HAL_I2C_MspInit                        0x08001440   Section        0  i2c.o(i.HAL_I2C_MspInit)
    i.HAL_Init                               0x080014b8   Section        0  stm32f1xx_hal.o(i.HAL_Init)
    i.HAL_InitTick                           0x080014e0   Section        0  stm32f1xx_hal.o(i.HAL_InitTick)
    i.HAL_MspInit                            0x0800152c   Section        0  stm32f1xx_hal_msp.o(i.HAL_MspInit)
    i.HAL_NVIC_SetPriority                   0x08001580   Section        0  stm32f1xx_hal_cortex.o(i.HAL_NVIC_SetPriority)
    i.HAL_NVIC_SetPriorityGrouping           0x080015fc   Section        0  stm32f1xx_hal_cortex.o(i.HAL_NVIC_SetPriorityGrouping)
    i.HAL_RCC_GetHCLKFreq                    0x08001624   Section        0  stm32f1xx_hal_rcc.o(i.HAL_RCC_GetHCLKFreq)
    i.HAL_RCC_GetPCLK1Freq                   0x08001630   Section        0  stm32f1xx_hal_rcc.o(i.HAL_RCC_GetPCLK1Freq)
    i.HAL_SPI_DeInit                         0x08001650   Section        0  stm32f1xx_hal_spi.o(i.HAL_SPI_DeInit)
    i.HAL_SPI_Init                           0x08001686   Section        0  stm32f1xx_hal_spi_ex.o(i.HAL_SPI_Init)
    i.HAL_SPI_MspDeInit                      0x0800170c   Section        0  spi.o(i.HAL_SPI_MspDeInit)
    i.HAL_SPI_MspInit                        0x0800173c   Section        0  spi.o(i.HAL_SPI_MspInit)
    i.HAL_SPI_TransmitReceive                0x080017d8   Section        0  stm32f1xx_hal_spi.o(i.HAL_SPI_TransmitReceive)
    i.HAL_SYSTICK_Config                     0x080019f6   Section        0  stm32f1xx_hal_cortex.o(i.HAL_SYSTICK_Config)
    i.HardFault_Handler                      0x08001a2a   Section        0  stm32f1xx_it.o(i.HardFault_Handler)
    i.I2C_IsAcknowledgeFailed                0x08001a2e   Section        0  stm32f1xx_hal_i2c.o(i.I2C_IsAcknowledgeFailed)
    I2C_IsAcknowledgeFailed                  0x08001a2f   Thumb Code    52  stm32f1xx_hal_i2c.o(i.I2C_IsAcknowledgeFailed)
    i.I2C_RequestMemoryRead                  0x08001a64   Section        0  stm32f1xx_hal_i2c.o(i.I2C_RequestMemoryRead)
    I2C_RequestMemoryRead                    0x08001a65   Thumb Code   340  stm32f1xx_hal_i2c.o(i.I2C_RequestMemoryRead)
    i.I2C_RequestMemoryWrite                 0x08001bbc   Section        0  stm32f1xx_hal_i2c.o(i.I2C_RequestMemoryWrite)
    I2C_RequestMemoryWrite                   0x08001bbd   Thumb Code   218  stm32f1xx_hal_i2c.o(i.I2C_RequestMemoryWrite)
    i.I2C_WaitOnBTFFlagUntilTimeout          0x08001c9c   Section        0  stm32f1xx_hal_i2c.o(i.I2C_WaitOnBTFFlagUntilTimeout)
    I2C_WaitOnBTFFlagUntilTimeout            0x08001c9d   Thumb Code    86  stm32f1xx_hal_i2c.o(i.I2C_WaitOnBTFFlagUntilTimeout)
    i.I2C_WaitOnFlagUntilTimeout             0x08001cf2   Section        0  stm32f1xx_hal_i2c.o(i.I2C_WaitOnFlagUntilTimeout)
    I2C_WaitOnFlagUntilTimeout               0x08001cf3   Thumb Code   124  stm32f1xx_hal_i2c.o(i.I2C_WaitOnFlagUntilTimeout)
    i.I2C_WaitOnMasterAddressFlagUntilTimeout 0x08001d6e   Section        0  stm32f1xx_hal_i2c.o(i.I2C_WaitOnMasterAddressFlagUntilTimeout)
    I2C_WaitOnMasterAddressFlagUntilTimeout  0x08001d6f   Thumb Code   172  stm32f1xx_hal_i2c.o(i.I2C_WaitOnMasterAddressFlagUntilTimeout)
    i.I2C_WaitOnRXNEFlagUntilTimeout         0x08001e1a   Section        0  stm32f1xx_hal_i2c.o(i.I2C_WaitOnRXNEFlagUntilTimeout)
    I2C_WaitOnRXNEFlagUntilTimeout           0x08001e1b   Thumb Code   110  stm32f1xx_hal_i2c.o(i.I2C_WaitOnRXNEFlagUntilTimeout)
    i.I2C_WaitOnTXEFlagUntilTimeout          0x08001e88   Section        0  stm32f1xx_hal_i2c.o(i.I2C_WaitOnTXEFlagUntilTimeout)
    I2C_WaitOnTXEFlagUntilTimeout            0x08001e89   Thumb Code    86  stm32f1xx_hal_i2c.o(i.I2C_WaitOnTXEFlagUntilTimeout)
    i.LL_APB2_GRP1_EnableClock               0x08001ee0   Section        0  gpio.o(i.LL_APB2_GRP1_EnableClock)
    LL_APB2_GRP1_EnableClock                 0x08001ee1   Thumb Code    24  gpio.o(i.LL_APB2_GRP1_EnableClock)
    i.LL_GPIO_Init                           0x08001efc   Section        0  stm32f1xx_ll_gpio.o(i.LL_GPIO_Init)
    i.LL_Init1msTick                         0x0800201e   Section        0  stm32f1xx_ll_utils.o(i.LL_Init1msTick)
    i.LL_SetSystemCoreClock                  0x0800203c   Section        0  stm32f1xx_ll_utils.o(i.LL_SetSystemCoreClock)
    i.MX_FATFS_Init                          0x08002048   Section        0  fatfs.o(i.MX_FATFS_Init)
    i.MX_GPIO_Init                           0x08002064   Section        0  gpio.o(i.MX_GPIO_Init)
    i.MX_I2C2_Init                           0x080020e0   Section        0  i2c.o(i.MX_I2C2_Init)
    i.MX_SPI1_Init                           0x0800211c   Section        0  spi.o(i.MX_SPI1_Init)
    i.MemManage_Handler                      0x08002164   Section        0  stm32f1xx_it.o(i.MemManage_Handler)
    i.NMI_Handler                            0x08002168   Section        0  stm32f1xx_it.o(i.NMI_Handler)
    i.NVIC_GetPriorityGrouping               0x0800216c   Section        0  stm32f1xx_hal_cortex.o(i.NVIC_GetPriorityGrouping)
    NVIC_GetPriorityGrouping                 0x0800216d   Thumb Code    10  stm32f1xx_hal_cortex.o(i.NVIC_GetPriorityGrouping)
    i.NVIC_SetPriority                       0x0800217c   Section        0  stm32f1xx_hal_cortex.o(i.NVIC_SetPriority)
    NVIC_SetPriority                         0x0800217d   Thumb Code    32  stm32f1xx_hal_cortex.o(i.NVIC_SetPriority)
    i.PendSV_Handler                         0x080021a4   Section        0  stm32f1xx_it.o(i.PendSV_Handler)
    i.SD_DisSelect                           0x080021a8   Section        0  bsp_spi_sd.o(i.SD_DisSelect)
    i.SD_GetCSD                              0x080021c8   Section        0  bsp_spi_sd.o(i.SD_GetCSD)
    i.SD_GetResponse                         0x080021f2   Section        0  bsp_spi_sd.o(i.SD_GetResponse)
    i.SD_GetSectorCount                      0x08002218   Section        0  bsp_spi_sd.o(i.SD_GetSectorCount)
    i.SD_Init                                0x08002290   Section        0  bsp_spi_sd.o(i.SD_Init)
    i.SD_ReadDisk                            0x08002424   Section        0  bsp_spi_sd.o(i.SD_ReadDisk)
    i.SD_RecvData                            0x08002498   Section        0  bsp_spi_sd.o(i.SD_RecvData)
    i.SD_SPI_ReadWriteByte                   0x080024d0   Section        0  bsp_spi_sd.o(i.SD_SPI_ReadWriteByte)
    i.SD_SPI_SpeedHigh                       0x080024f4   Section        0  bsp_spi_sd.o(i.SD_SPI_SpeedHigh)
    i.SD_SPI_SpeedLow                        0x08002540   Section        0  bsp_spi_sd.o(i.SD_SPI_SpeedLow)
    i.SD_Select                              0x0800258c   Section        0  bsp_spi_sd.o(i.SD_Select)
    i.SD_SendBlock                           0x080025b4   Section        0  bsp_spi_sd.o(i.SD_SendBlock)
    i.SD_SendCmd                             0x08002606   Section        0  bsp_spi_sd.o(i.SD_SendCmd)
    i.SD_WaitReady                           0x0800267e   Section        0  bsp_spi_sd.o(i.SD_WaitReady)
    i.SD_WriteDisk                           0x080026a0   Section        0  bsp_spi_sd.o(i.SD_WriteDisk)
    i.SPI_CheckFlag_BSY                      0x08002730   Section        0  stm32f1xx_hal_spi.o(i.SPI_CheckFlag_BSY)
    SPI_CheckFlag_BSY                        0x08002731   Thumb Code    40  stm32f1xx_hal_spi.o(i.SPI_CheckFlag_BSY)
    i.SPI_WaitFlagStateUntilTimeout          0x08002758   Section        0  stm32f1xx_hal_spi.o(i.SPI_WaitFlagStateUntilTimeout)
    SPI_WaitFlagStateUntilTimeout            0x08002759   Thumb Code   170  stm32f1xx_hal_spi.o(i.SPI_WaitFlagStateUntilTimeout)
    i.SVC_Handler                            0x08002802   Section        0  stm32f1xx_it.o(i.SVC_Handler)
    i.SystemClock_Config                     0x08002804   Section        0  main.o(i.SystemClock_Config)
    i.SystemInit                             0x0800292c   Section        0  system_stm32f1xx.o(i.SystemInit)
    i.USER_initialize                        0x08002984   Section        0  user_diskio.o(i.USER_initialize)
    i.USER_ioctl                             0x080029bc   Section        0  user_diskio.o(i.USER_ioctl)
    i.USER_read                              0x08002a40   Section        0  user_diskio.o(i.USER_read)
    i.USER_status                            0x08002a64   Section        0  user_diskio.o(i.USER_status)
    i.USER_write                             0x08002a9c   Section        0  user_diskio.o(i.USER_write)
    i.UsageFault_Handler                     0x08002abe   Section        0  stm32f1xx_it.o(i.UsageFault_Handler)
    i.__0sprintf                             0x08002ac4   Section        0  printfa.o(i.__0sprintf)
    i.__scatterload_copy                     0x08002aec   Section       14  handlers.o(i.__scatterload_copy)
    i.__scatterload_null                     0x08002afa   Section        2  handlers.o(i.__scatterload_null)
    i.__scatterload_zeroinit                 0x08002afc   Section       14  handlers.o(i.__scatterload_zeroinit)
    i._fp_digits                             0x08002b0c   Section        0  printfa.o(i._fp_digits)
    _fp_digits                               0x08002b0d   Thumb Code   366  printfa.o(i._fp_digits)
    i._printf_core                           0x08002c90   Section        0  printfa.o(i._printf_core)
    _printf_core                             0x08002c91   Thumb Code  1744  printfa.o(i._printf_core)
    i._printf_post_padding                   0x0800336c   Section        0  printfa.o(i._printf_post_padding)
    _printf_post_padding                     0x0800336d   Thumb Code    36  printfa.o(i._printf_post_padding)
    i._printf_pre_padding                    0x08003390   Section        0  printfa.o(i._printf_pre_padding)
    _printf_pre_padding                      0x08003391   Thumb Code    46  printfa.o(i._printf_pre_padding)
    i._sputc                                 0x080033be   Section        0  printfa.o(i._sputc)
    _sputc                                   0x080033bf   Thumb Code    10  printfa.o(i._sputc)
    i.check_fs                               0x080033c8   Section        0  ff.o(i.check_fs)
    check_fs                                 0x080033c9   Thumb Code   146  ff.o(i.check_fs)
    i.chk_chr                                0x08003460   Section        0  ff.o(i.chk_chr)
    chk_chr                                  0x08003461   Thumb Code    20  ff.o(i.chk_chr)
    i.chk_lock                               0x08003474   Section        0  ff.o(i.chk_lock)
    chk_lock                                 0x08003475   Thumb Code   140  ff.o(i.chk_lock)
    i.clear_lock                             0x08003504   Section        0  ff.o(i.clear_lock)
    clear_lock                               0x08003505   Thumb Code    42  ff.o(i.clear_lock)
    i.clmt_clust                             0x08003534   Section        0  ff.o(i.clmt_clust)
    clmt_clust                               0x08003535   Thumb Code    56  ff.o(i.clmt_clust)
    i.clust2sect                             0x0800356c   Section        0  ff.o(i.clust2sect)
    i.create_chain                           0x0800358c   Section        0  ff.o(i.create_chain)
    create_chain                             0x0800358d   Thumb Code   234  ff.o(i.create_chain)
    i.create_name                            0x08003678   Section        0  ff.o(i.create_name)
    create_name                              0x08003679   Thumb Code   268  ff.o(i.create_name)
    i.dec_lock                               0x08003798   Section        0  ff.o(i.dec_lock)
    dec_lock                                 0x08003799   Thumb Code    72  ff.o(i.dec_lock)
    i.dir_alloc                              0x080037e4   Section        0  ff.o(i.dir_alloc)
    dir_alloc                                0x080037e5   Thumb Code   100  ff.o(i.dir_alloc)
    i.dir_find                               0x08003848   Section        0  ff.o(i.dir_find)
    dir_find                                 0x08003849   Thumb Code   100  ff.o(i.dir_find)
    i.dir_next                               0x080038ac   Section        0  ff.o(i.dir_next)
    dir_next                                 0x080038ad   Thumb Code   346  ff.o(i.dir_next)
    i.dir_register                           0x08003a06   Section        0  ff.o(i.dir_register)
    dir_register                             0x08003a07   Thumb Code    70  ff.o(i.dir_register)
    i.dir_sdi                                0x08003a4c   Section        0  ff.o(i.dir_sdi)
    dir_sdi                                  0x08003a4d   Thumb Code   200  ff.o(i.dir_sdi)
    i.disk_initialize                        0x08003b14   Section        0  diskio.o(i.disk_initialize)
    i.disk_ioctl                             0x08003b40   Section        0  diskio.o(i.disk_ioctl)
    i.disk_read                              0x08003b68   Section        0  diskio.o(i.disk_read)
    i.disk_status                            0x08003b98   Section        0  diskio.o(i.disk_status)
    i.disk_write                             0x08003bb4   Section        0  diskio.o(i.disk_write)
    i.enq_lock                               0x08003be4   Section        0  ff.o(i.enq_lock)
    enq_lock                                 0x08003be5   Thumb Code    36  ff.o(i.enq_lock)
    i.f_close                                0x08003c0c   Section        0  ff.o(i.f_close)
    i.f_mount                                0x08003c3c   Section        0  ff.o(i.f_mount)
    i.f_open                                 0x08003ca0   Section        0  ff.o(i.f_open)
    i.f_sync                                 0x08003e5e   Section        0  ff.o(i.f_sync)
    i.f_write                                0x08003f28   Section        0  ff.o(i.f_write)
    i.find_volume                            0x08004180   Section        0  ff.o(i.find_volume)
    find_volume                              0x08004181   Thumb Code   970  ff.o(i.find_volume)
    i.follow_path                            0x0800455c   Section        0  ff.o(i.follow_path)
    follow_path                              0x0800455d   Thumb Code   156  ff.o(i.follow_path)
    i.get_fat                                0x080045f8   Section        0  ff.o(i.get_fat)
    i.get_fattime                            0x080046e6   Section        0  fatfs.o(i.get_fattime)
    i.get_ldnumber                           0x080046ea   Section        0  ff.o(i.get_ldnumber)
    get_ldnumber                             0x080046eb   Thumb Code    72  ff.o(i.get_ldnumber)
    i.inc_lock                               0x08004734   Section        0  ff.o(i.inc_lock)
    inc_lock                                 0x08004735   Thumb Code   226  ff.o(i.inc_lock)
    i.ld_clust                               0x0800481c   Section        0  ff.o(i.ld_clust)
    ld_clust                                 0x0800481d   Thumb Code    34  ff.o(i.ld_clust)
    i.main                                   0x08004840   Section        0  main.o(i.main)
    i.mem_cmp                                0x08004928   Section        0  ff.o(i.mem_cmp)
    mem_cmp                                  0x08004929   Thumb Code    38  ff.o(i.mem_cmp)
    i.mem_cpy                                0x0800494e   Section        0  ff.o(i.mem_cpy)
    mem_cpy                                  0x0800494f   Thumb Code    26  ff.o(i.mem_cpy)
    i.mem_set                                0x08004968   Section        0  ff.o(i.mem_set)
    mem_set                                  0x08004969   Thumb Code    20  ff.o(i.mem_set)
    i.move_window                            0x0800497c   Section        0  ff.o(i.move_window)
    move_window                              0x0800497d   Thumb Code    56  ff.o(i.move_window)
    i.put_fat                                0x080049b4   Section        0  ff.o(i.put_fat)
    i.remove_chain                           0x08004afa   Section        0  ff.o(i.remove_chain)
    remove_chain                             0x08004afb   Thumb Code   122  ff.o(i.remove_chain)
    i.st_clust                               0x08004b74   Section        0  ff.o(i.st_clust)
    st_clust                                 0x08004b75   Thumb Code    16  ff.o(i.st_clust)
    i.sync_fs                                0x08004b84   Section        0  ff.o(i.sync_fs)
    sync_fs                                  0x08004b85   Thumb Code   244  ff.o(i.sync_fs)
    i.sync_window                            0x08004c78   Section        0  ff.o(i.sync_window)
    sync_window                              0x08004c79   Thumb Code    96  ff.o(i.sync_window)
    i.validate                               0x08004cd8   Section        0  ff.o(i.validate)
    validate                                 0x08004cd9   Thumb Code    66  ff.o(i.validate)
    .constdata                               0x08004d1a   Section       24  system_stm32f1xx.o(.constdata)
    .constdata                               0x08004d32   Section      180  ff.o(.constdata)
    CHANNEL_OFFSET_TAB                       0x08004d32   Data           7  ff.o(.constdata)
    ExCvt                                    0x08004d39   Data         128  ff.o(.constdata)
    vst                                      0x08004dba   Data          22  ff.o(.constdata)
    cst                                      0x08004dd0   Data          22  ff.o(.constdata)
    .data                                    0x20000000   Section        1  bsp_spi_sd.o(.data)
    .data                                    0x20000004   Section       14  main.o(.data)
    .data                                    0x20000012   Section        5  fatfs.o(.data)
    .data                                    0x20000018   Section       24  user_diskio.o(.data)
    Stat                                     0x20000018   Data           1  user_diskio.o(.data)
    .data                                    0x20000030   Section        9  stm32f1xx_hal.o(.data)
    .data                                    0x2000003c   Section        4  system_stm32f1xx.o(.data)
    .data                                    0x20000040   Section        6  ff.o(.data)
    FatFs                                    0x20000040   Data           4  ff.o(.data)
    Fsid                                     0x20000044   Data           2  ff.o(.data)
    .bss                                     0x20000048   Section     1040  main.o(.bss)
    .bss                                     0x20000458   Section       84  i2c.o(.bss)
    .bss                                     0x200004ac   Section       88  spi.o(.bss)
    .bss                                     0x20000504   Section     1116  fatfs.o(.bss)
    .bss                                     0x20000960   Section       24  ff.o(.bss)
    Files                                    0x20000960   Data          24  ff.o(.bss)
    .bss                                     0x20000978   Section       12  ff_gen_drv.o(.bss)
    STACK                                    0x20000988   Section     1024  startup_stm32f103xb.o(STACK)

    Global Symbols

    Symbol Name                              Value     Ov Type        Size  Object(Section)

    BuildAttributes$$THM_ISAv4$P$D$K$B$S$PE$A:L22UL41UL21$X:L11$S22US41US21$IEEE1$IW$USESV6$~STKCKD$USESV7$~SHL$OSPACE$ROPI$EBA8$MICROLIB$REQ8$PRES8$EABIv2 0x00000000   Number         0  anon$$obj.o ABSOLUTE
    __ARM_use_no_argv                        0x00000000   Number         0  main.o ABSOLUTE
    _printf_a                                0x00000000   Number         0  stubs.o ABSOLUTE
    _printf_c                                0x00000000   Number         0  stubs.o ABSOLUTE
    _printf_charcount                        0x00000000   Number         0  stubs.o ABSOLUTE
    _printf_d                                0x00000000   Number         0  stubs.o ABSOLUTE
    _printf_e                                0x00000000   Number         0  stubs.o ABSOLUTE
    _printf_f                                0x00000000   Number         0  stubs.o ABSOLUTE
    _printf_flags                            0x00000000   Number         0  stubs.o ABSOLUTE
    _printf_fp_dec                           0x00000000   Number         0  stubs.o ABSOLUTE
    _printf_fp_hex                           0x00000000   Number         0  stubs.o ABSOLUTE
    _printf_g                                0x00000000   Number         0  stubs.o ABSOLUTE
    _printf_i                                0x00000000   Number         0  stubs.o ABSOLUTE
    _printf_int_dec                          0x00000000   Number         0  stubs.o ABSOLUTE
    _printf_l                                0x00000000   Number         0  stubs.o ABSOLUTE
    _printf_lc                               0x00000000   Number         0  stubs.o ABSOLUTE
    _printf_ll                               0x00000000   Number         0  stubs.o ABSOLUTE
    _printf_lld                              0x00000000   Number         0  stubs.o ABSOLUTE
    _printf_lli                              0x00000000   Number         0  stubs.o ABSOLUTE
    _printf_llo                              0x00000000   Number         0  stubs.o ABSOLUTE
    _printf_llu                              0x00000000   Number         0  stubs.o ABSOLUTE
    _printf_llx                              0x00000000   Number         0  stubs.o ABSOLUTE
    _printf_longlong_dec                     0x00000000   Number         0  stubs.o ABSOLUTE
    _printf_longlong_hex                     0x00000000   Number         0  stubs.o ABSOLUTE
    _printf_longlong_oct                     0x00000000   Number         0  stubs.o ABSOLUTE
    _printf_ls                               0x00000000   Number         0  stubs.o ABSOLUTE
    _printf_mbtowc                           0x00000000   Number         0  stubs.o ABSOLUTE
    _printf_n                                0x00000000   Number         0  stubs.o ABSOLUTE
    _printf_o                                0x00000000   Number         0  stubs.o ABSOLUTE
    _printf_p                                0x00000000   Number         0  stubs.o ABSOLUTE
    _printf_percent                          0x00000000   Number         0  stubs.o ABSOLUTE
    _printf_pre_padding                      0x00000000   Number         0  stubs.o ABSOLUTE
    _printf_return_value                     0x00000000   Number         0  stubs.o ABSOLUTE
    _printf_s                                0x00000000   Number         0  stubs.o ABSOLUTE
    _printf_sizespec                         0x00000000   Number         0  stubs.o ABSOLUTE
    _printf_str                              0x00000000   Number         0  stubs.o ABSOLUTE
    _printf_truncate_signed                  0x00000000   Number         0  stubs.o ABSOLUTE
    _printf_truncate_unsigned                0x00000000   Number         0  stubs.o ABSOLUTE
    _printf_u                                0x00000000   Number         0  stubs.o ABSOLUTE
    _printf_wc                               0x00000000   Number         0  stubs.o ABSOLUTE
    _printf_wctomb                           0x00000000   Number         0  stubs.o ABSOLUTE
    _printf_widthprec                        0x00000000   Number         0  stubs.o ABSOLUTE
    _printf_x                                0x00000000   Number         0  stubs.o ABSOLUTE
    __cpp_initialize__aeabi_                  - Undefined Weak Reference
    __cxa_finalize                            - Undefined Weak Reference
    __decompress                              - Undefined Weak Reference
    _clock_init                               - Undefined Weak Reference
    _microlib_exit                            - Undefined Weak Reference
    __Vectors_Size                           0x000000ec   Number         0  startup_stm32f103xb.o ABSOLUTE
    __Vectors                                0x08000000   Data           4  startup_stm32f103xb.o(RESET)
    __Vectors_End                            0x080000ec   Data           0  startup_stm32f103xb.o(RESET)
    __main                                   0x080000ed   Thumb Code     0  entry.o(.ARM.Collect$$$$00000000)
    _main_stk                                0x080000ed   Thumb Code     0  entry2.o(.ARM.Collect$$$$00000001)
    _main_scatterload                        0x080000f1   Thumb Code     0  entry5.o(.ARM.Collect$$$$00000004)
    __main_after_scatterload                 0x080000f5   Thumb Code     0  entry5.o(.ARM.Collect$$$$00000004)
    _main_clock                              0x080000f5   Thumb Code     0  entry7b.o(.ARM.Collect$$$$00000008)
    _main_cpp_init                           0x080000f5   Thumb Code     0  entry8b.o(.ARM.Collect$$$$0000000A)
    _main_init                               0x080000f5   Thumb Code     0  entry9a.o(.ARM.Collect$$$$0000000B)
    __rt_final_cpp                           0x080000fd   Thumb Code     0  entry10a.o(.ARM.Collect$$$$0000000D)
    __rt_final_exit                          0x080000fd   Thumb Code     0  entry11a.o(.ARM.Collect$$$$0000000F)
    Reset_Handler                            0x08000101   Thumb Code     8  startup_stm32f103xb.o(.text)
    SysTick_Handler                          0x08000119   Thumb Code     2  startup_stm32f103xb.o(.text)
    ADC1_2_IRQHandler                        0x0800011b   Thumb Code     0  startup_stm32f103xb.o(.text)
    CAN1_RX1_IRQHandler                      0x0800011b   Thumb Code     0  startup_stm32f103xb.o(.text)
    CAN1_SCE_IRQHandler                      0x0800011b   Thumb Code     0  startup_stm32f103xb.o(.text)
    DMA1_Channel1_IRQHandler                 0x0800011b   Thumb Code     0  startup_stm32f103xb.o(.text)
    DMA1_Channel2_IRQHandler                 0x0800011b   Thumb Code     0  startup_stm32f103xb.o(.text)
    DMA1_Channel3_IRQHandler                 0x0800011b   Thumb Code     0  startup_stm32f103xb.o(.text)
    DMA1_Channel4_IRQHandler                 0x0800011b   Thumb Code     0  startup_stm32f103xb.o(.text)
    DMA1_Channel5_IRQHandler                 0x0800011b   Thumb Code     0  startup_stm32f103xb.o(.text)
    DMA1_Channel6_IRQHandler                 0x0800011b   Thumb Code     0  startup_stm32f103xb.o(.text)
    DMA1_Channel7_IRQHandler                 0x0800011b   Thumb Code     0  startup_stm32f103xb.o(.text)
    EXTI0_IRQHandler                         0x0800011b   Thumb Code     0  startup_stm32f103xb.o(.text)
    EXTI15_10_IRQHandler                     0x0800011b   Thumb Code     0  startup_stm32f103xb.o(.text)
    EXTI1_IRQHandler                         0x0800011b   Thumb Code     0  startup_stm32f103xb.o(.text)
    EXTI2_IRQHandler                         0x0800011b   Thumb Code     0  startup_stm32f103xb.o(.text)
    EXTI3_IRQHandler                         0x0800011b   Thumb Code     0  startup_stm32f103xb.o(.text)
    EXTI4_IRQHandler                         0x0800011b   Thumb Code     0  startup_stm32f103xb.o(.text)
    EXTI9_5_IRQHandler                       0x0800011b   Thumb Code     0  startup_stm32f103xb.o(.text)
    FLASH_IRQHandler                         0x0800011b   Thumb Code     0  startup_stm32f103xb.o(.text)
    I2C1_ER_IRQHandler                       0x0800011b   Thumb Code     0  startup_stm32f103xb.o(.text)
    I2C1_EV_IRQHandler                       0x0800011b   Thumb Code     0  startup_stm32f103xb.o(.text)
    I2C2_ER_IRQHandler                       0x0800011b   Thumb Code     0  startup_stm32f103xb.o(.text)
    I2C2_EV_IRQHandler                       0x0800011b   Thumb Code     0  startup_stm32f103xb.o(.text)
    PVD_IRQHandler                           0x0800011b   Thumb Code     0  startup_stm32f103xb.o(.text)
    RCC_IRQHandler                           0x0800011b   Thumb Code     0  startup_stm32f103xb.o(.text)
    RTC_Alarm_IRQHandler                     0x0800011b   Thumb Code     0  startup_stm32f103xb.o(.text)
    RTC_IRQHandler                           0x0800011b   Thumb Code     0  startup_stm32f103xb.o(.text)
    SPI1_IRQHandler                          0x0800011b   Thumb Code     0  startup_stm32f103xb.o(.text)
    SPI2_IRQHandler                          0x0800011b   Thumb Code     0  startup_stm32f103xb.o(.text)
    TAMPER_IRQHandler                        0x0800011b   Thumb Code     0  startup_stm32f103xb.o(.text)
    TIM1_BRK_IRQHandler                      0x0800011b   Thumb Code     0  startup_stm32f103xb.o(.text)
    TIM1_CC_IRQHandler                       0x0800011b   Thumb Code     0  startup_stm32f103xb.o(.text)
    TIM1_TRG_COM_IRQHandler                  0x0800011b   Thumb Code     0  startup_stm32f103xb.o(.text)
    TIM1_UP_IRQHandler                       0x0800011b   Thumb Code     0  startup_stm32f103xb.o(.text)
    TIM2_IRQHandler                          0x0800011b   Thumb Code     0  startup_stm32f103xb.o(.text)
    TIM3_IRQHandler                          0x0800011b   Thumb Code     0  startup_stm32f103xb.o(.text)
    TIM4_IRQHandler                          0x0800011b   Thumb Code     0  startup_stm32f103xb.o(.text)
    USART1_IRQHandler                        0x0800011b   Thumb Code     0  startup_stm32f103xb.o(.text)
    USART2_IRQHandler                        0x0800011b   Thumb Code     0  startup_stm32f103xb.o(.text)
    USART3_IRQHandler                        0x0800011b   Thumb Code     0  startup_stm32f103xb.o(.text)
    USBWakeUp_IRQHandler                     0x0800011b   Thumb Code     0  startup_stm32f103xb.o(.text)
    USB_HP_CAN1_TX_IRQHandler                0x0800011b   Thumb Code     0  startup_stm32f103xb.o(.text)
    USB_LP_CAN1_RX0_IRQHandler               0x0800011b   Thumb Code     0  startup_stm32f103xb.o(.text)
    WWDG_IRQHandler                          0x0800011b   Thumb Code     0  startup_stm32f103xb.o(.text)
    __aeabi_llsr                             0x08000125   Thumb Code    32  llushr.o(.text)
    _ll_ushift_r                             0x08000125   Thumb Code     0  llushr.o(.text)
    __aeabi_memset                           0x08000145   Thumb Code    14  memseta.o(.text)
    __aeabi_memset4                          0x08000145   Thumb Code     0  memseta.o(.text)
    __aeabi_memset8                          0x08000145   Thumb Code     0  memseta.o(.text)
    __aeabi_memclr                           0x08000153   Thumb Code     4  memseta.o(.text)
    __aeabi_memclr4                          0x08000153   Thumb Code     0  memseta.o(.text)
    __aeabi_memclr8                          0x08000153   Thumb Code     0  memseta.o(.text)
    _memset$wrapper                          0x08000157   Thumb Code    18  memseta.o(.text)
    strcat                                   0x08000169   Thumb Code    24  strcat.o(.text)
    __aeabi_dmul                             0x08000181   Thumb Code   228  dmul.o(.text)
    __aeabi_ddiv                             0x08000265   Thumb Code   222  ddiv.o(.text)
    __aeabi_ui2d                             0x08000343   Thumb Code    26  dfltui.o(.text)
    __aeabi_uidiv                            0x0800035d   Thumb Code     0  uidiv.o(.text)
    __aeabi_uidivmod                         0x0800035d   Thumb Code    44  uidiv.o(.text)
    __aeabi_uldivmod                         0x08000389   Thumb Code    98  uldiv.o(.text)
    __I$use$fp                               0x080003eb   Thumb Code     0  iusefp.o(.text)
    _double_round                            0x080003eb   Thumb Code    30  depilogue.o(.text)
    _double_epilogue                         0x08000409   Thumb Code   156  depilogue.o(.text)
    __aeabi_dadd                             0x080004a5   Thumb Code   322  dadd.o(.text)
    __aeabi_dsub                             0x080005e7   Thumb Code     6  dadd.o(.text)
    __aeabi_drsub                            0x080005ed   Thumb Code     6  dadd.o(.text)
    __aeabi_d2ulz                            0x080005f3   Thumb Code    48  dfixul.o(.text)
    __aeabi_cdrcmple                         0x08000625   Thumb Code    48  cdrcmple.o(.text)
    __scatterload                            0x08000655   Thumb Code    28  init.o(.text)
    __scatterload_rt2                        0x08000655   Thumb Code     0  init.o(.text)
    __aeabi_llsl                             0x08000679   Thumb Code    30  llshl.o(.text)
    _ll_shift_l                              0x08000679   Thumb Code     0  llshl.o(.text)
    __aeabi_lasr                             0x08000697   Thumb Code    36  llsshr.o(.text)
    _ll_sshift_r                             0x08000697   Thumb Code     0  llsshr.o(.text)
    BusFault_Handler                         0x080006bb   Thumb Code     4  stm32f1xx_it.o(i.BusFault_Handler)
    DebugMon_Handler                         0x080006bf   Thumb Code     2  stm32f1xx_it.o(i.DebugMon_Handler)
    Error_Handler                            0x080006c1   Thumb Code     2  main.o(i.Error_Handler)
    FATFS_LinkDriver                         0x080006c3   Thumb Code    18  ff_gen_drv.o(i.FATFS_LinkDriver)
    FATFS_LinkDriverEx                       0x080006d5   Thumb Code    78  ff_gen_drv.o(i.FATFS_LinkDriverEx)
    FCD2214_GetCap_Data                      0x08000729   Thumb Code   122  bsp_fdc2214.o(i.FCD2214_GetCap_Data)
    FDC2214_Calculate_Cap                    0x080007a5   Thumb Code    46  bsp_fdc2214.o(i.FDC2214_Calculate_Cap)
    FDC2214_Init                             0x080007dd   Thumb Code   186  bsp_fdc2214.o(i.FDC2214_Init)
    FDC2214_ReadReg                          0x08000899   Thumb Code    58  bsp_fdc2214.o(i.FDC2214_ReadReg)
    FDC2214_WriteReg                         0x080008d9   Thumb Code    56  bsp_fdc2214.o(i.FDC2214_WriteReg)
    FDC_I2C2_ErrHandel                       0x08000915   Thumb Code    14  bsp_fdc2214.o(i.FDC_I2C2_ErrHandel)
    HAL_GPIO_DeInit                          0x08000929   Thumb Code   288  stm32f1xx_hal_gpio.o(i.HAL_GPIO_DeInit)
    HAL_GPIO_Init                            0x08000a61   Thumb Code   764  stm32f1xx_hal_gpio.o(i.HAL_GPIO_Init)
    HAL_GetTick                              0x08000d7d   Thumb Code     6  stm32f1xx_hal.o(i.HAL_GetTick)
    HAL_I2C_DeInit                           0x08000d89   Thumb Code    60  stm32f1xx_hal_i2c.o(i.HAL_I2C_DeInit)
    HAL_I2C_Init                             0x08000dc5   Thumb Code   362  stm32f1xx_hal_i2c.o(i.HAL_I2C_Init)
    HAL_I2C_Mem_Read                         0x08000f41   Thumb Code   826  stm32f1xx_hal_i2c.o(i.HAL_I2C_Mem_Read)
    HAL_I2C_Mem_Write                        0x08001289   Thumb Code   384  stm32f1xx_hal_i2c.o(i.HAL_I2C_Mem_Write)
    HAL_I2C_MspDeInit                        0x08001411   Thumb Code    36  i2c.o(i.HAL_I2C_MspDeInit)
    HAL_I2C_MspInit                          0x08001441   Thumb Code   106  i2c.o(i.HAL_I2C_MspInit)
    HAL_Init                                 0x080014b9   Thumb Code    34  stm32f1xx_hal.o(i.HAL_Init)
    HAL_InitTick                             0x080014e1   Thumb Code    64  stm32f1xx_hal.o(i.HAL_InitTick)
    HAL_MspInit                              0x0800152d   Thumb Code    76  stm32f1xx_hal_msp.o(i.HAL_MspInit)
    HAL_NVIC_SetPriority                     0x08001581   Thumb Code   124  stm32f1xx_hal_cortex.o(i.HAL_NVIC_SetPriority)
    HAL_NVIC_SetPriorityGrouping             0x080015fd   Thumb Code    32  stm32f1xx_hal_cortex.o(i.HAL_NVIC_SetPriorityGrouping)
    HAL_RCC_GetHCLKFreq                      0x08001625   Thumb Code     6  stm32f1xx_hal_rcc.o(i.HAL_RCC_GetHCLKFreq)
    HAL_RCC_GetPCLK1Freq                     0x08001631   Thumb Code    22  stm32f1xx_hal_rcc.o(i.HAL_RCC_GetPCLK1Freq)
    HAL_SPI_DeInit                           0x08001651   Thumb Code    54  stm32f1xx_hal_spi.o(i.HAL_SPI_DeInit)
    HAL_SPI_Init                             0x08001687   Thumb Code   134  stm32f1xx_hal_spi_ex.o(i.HAL_SPI_Init)
    HAL_SPI_MspDeInit                        0x0800170d   Thumb Code    34  spi.o(i.HAL_SPI_MspDeInit)
    HAL_SPI_MspInit                          0x0800173d   Thumb Code   138  spi.o(i.HAL_SPI_MspInit)
    HAL_SPI_TransmitReceive                  0x080017d9   Thumb Code   542  stm32f1xx_hal_spi.o(i.HAL_SPI_TransmitReceive)
    HAL_SYSTICK_Config                       0x080019f7   Thumb Code    52  stm32f1xx_hal_cortex.o(i.HAL_SYSTICK_Config)
    HardFault_Handler                        0x08001a2b   Thumb Code     4  stm32f1xx_it.o(i.HardFault_Handler)
    LL_GPIO_Init                             0x08001efd   Thumb Code   290  stm32f1xx_ll_gpio.o(i.LL_GPIO_Init)
    LL_Init1msTick                           0x0800201f   Thumb Code    28  stm32f1xx_ll_utils.o(i.LL_Init1msTick)
    LL_SetSystemCoreClock                    0x0800203d   Thumb Code     6  stm32f1xx_ll_utils.o(i.LL_SetSystemCoreClock)
    MX_FATFS_Init                            0x08002049   Thumb Code    16  fatfs.o(i.MX_FATFS_Init)
    MX_GPIO_Init                             0x08002065   Thumb Code   106  gpio.o(i.MX_GPIO_Init)
    MX_I2C2_Init                             0x080020e1   Thumb Code    48  i2c.o(i.MX_I2C2_Init)
    MX_SPI1_Init                             0x0800211d   Thumb Code    62  spi.o(i.MX_SPI1_Init)
    MemManage_Handler                        0x08002165   Thumb Code     4  stm32f1xx_it.o(i.MemManage_Handler)
    NMI_Handler                              0x08002169   Thumb Code     2  stm32f1xx_it.o(i.NMI_Handler)
    PendSV_Handler                           0x080021a5   Thumb Code     2  stm32f1xx_it.o(i.PendSV_Handler)
    SD_DisSelect                             0x080021a9   Thumb Code    22  bsp_spi_sd.o(i.SD_DisSelect)
    SD_GetCSD                                0x080021c9   Thumb Code    42  bsp_spi_sd.o(i.SD_GetCSD)
    SD_GetResponse                           0x080021f3   Thumb Code    38  bsp_spi_sd.o(i.SD_GetResponse)
    SD_GetSectorCount                        0x08002219   Thumb Code   118  bsp_spi_sd.o(i.SD_GetSectorCount)
    SD_Init                                  0x08002291   Thumb Code   394  bsp_spi_sd.o(i.SD_Init)
    SD_ReadDisk                              0x08002425   Thumb Code   112  bsp_spi_sd.o(i.SD_ReadDisk)
    SD_RecvData                              0x08002499   Thumb Code    56  bsp_spi_sd.o(i.SD_RecvData)
    SD_SPI_ReadWriteByte                     0x080024d1   Thumb Code    30  bsp_spi_sd.o(i.SD_SPI_ReadWriteByte)
    SD_SPI_SpeedHigh                         0x080024f5   Thumb Code    68  bsp_spi_sd.o(i.SD_SPI_SpeedHigh)
    SD_SPI_SpeedLow                          0x08002541   Thumb Code    68  bsp_spi_sd.o(i.SD_SPI_SpeedLow)
    SD_Select                                0x0800258d   Thumb Code    32  bsp_spi_sd.o(i.SD_Select)
    SD_SendBlock                             0x080025b5   Thumb Code    82  bsp_spi_sd.o(i.SD_SendBlock)
    SD_SendCmd                               0x08002607   Thumb Code   120  bsp_spi_sd.o(i.SD_SendCmd)
    SD_WaitReady                             0x0800267f   Thumb Code    34  bsp_spi_sd.o(i.SD_WaitReady)
    SD_WriteDisk                             0x080026a1   Thumb Code   140  bsp_spi_sd.o(i.SD_WriteDisk)
    SVC_Handler                              0x08002803   Thumb Code     2  stm32f1xx_it.o(i.SVC_Handler)
    SystemClock_Config                       0x08002805   Thumb Code   284  main.o(i.SystemClock_Config)
    SystemInit                               0x0800292d   Thumb Code    70  system_stm32f1xx.o(i.SystemInit)
    USER_initialize                          0x08002985   Thumb Code    50  user_diskio.o(i.USER_initialize)
    USER_ioctl                               0x080029bd   Thumb Code   120  user_diskio.o(i.USER_ioctl)
    USER_read                                0x08002a41   Thumb Code    34  user_diskio.o(i.USER_read)
    USER_status                              0x08002a65   Thumb Code    50  user_diskio.o(i.USER_status)
    USER_write                               0x08002a9d   Thumb Code    34  user_diskio.o(i.USER_write)
    UsageFault_Handler                       0x08002abf   Thumb Code     4  stm32f1xx_it.o(i.UsageFault_Handler)
    __0sprintf                               0x08002ac5   Thumb Code    34  printfa.o(i.__0sprintf)
    __1sprintf                               0x08002ac5   Thumb Code     0  printfa.o(i.__0sprintf)
    __2sprintf                               0x08002ac5   Thumb Code     0  printfa.o(i.__0sprintf)
    __c89sprintf                             0x08002ac5   Thumb Code     0  printfa.o(i.__0sprintf)
    sprintf                                  0x08002ac5   Thumb Code     0  printfa.o(i.__0sprintf)
    __scatterload_copy                       0x08002aed   Thumb Code    14  handlers.o(i.__scatterload_copy)
    __scatterload_null                       0x08002afb   Thumb Code     2  handlers.o(i.__scatterload_null)
    __scatterload_zeroinit                   0x08002afd   Thumb Code    14  handlers.o(i.__scatterload_zeroinit)
    clust2sect                               0x0800356d   Thumb Code    32  ff.o(i.clust2sect)
    disk_initialize                          0x08003b15   Thumb Code    40  diskio.o(i.disk_initialize)
    disk_ioctl                               0x08003b41   Thumb Code    36  diskio.o(i.disk_ioctl)
    disk_read                                0x08003b69   Thumb Code    42  diskio.o(i.disk_read)
    disk_status                              0x08003b99   Thumb Code    24  diskio.o(i.disk_status)
    disk_write                               0x08003bb5   Thumb Code    42  diskio.o(i.disk_write)
    f_close                                  0x08003c0d   Thumb Code    46  ff.o(i.f_close)
    f_mount                                  0x08003c3d   Thumb Code    96  ff.o(i.f_mount)
    f_open                                   0x08003ca1   Thumb Code   446  ff.o(i.f_open)
    f_sync                                   0x08003e5f   Thumb Code   202  ff.o(i.f_sync)
    f_write                                  0x08003f29   Thumb Code   598  ff.o(i.f_write)
    get_fat                                  0x080045f9   Thumb Code   238  ff.o(i.get_fat)
    get_fattime                              0x080046e7   Thumb Code     4  fatfs.o(i.get_fattime)
    main                                     0x08004841   Thumb Code   174  main.o(i.main)
    put_fat                                  0x080049b5   Thumb Code   326  ff.o(i.put_fat)
    AHBPrescTable                            0x08004d1a   Data          16  system_stm32f1xx.o(.constdata)
    APBPrescTable                            0x08004d2a   Data           8  system_stm32f1xx.o(.constdata)
    Region$$Table$$Base                      0x08004de8   Number         0  anon$$obj.o(Region$$Table)
    Region$$Table$$Limit                     0x08004e08   Number         0  anon$$obj.o(Region$$Table)
    SD_Type                                  0x20000000   Data           1  bsp_spi_sd.o(.data)
    Res                                      0x20000004   Data           1  main.o(.data)
    byteswritten                             0x20000008   Data           4  main.o(.data)
    bytesread                                0x2000000c   Data           4  main.o(.data)
    Fat_index                                0x20000010   Data           2  main.o(.data)
    retUSER                                  0x20000012   Data           1  fatfs.o(.data)
    USERPath                                 0x20000013   Data           4  fatfs.o(.data)
    USER_Driver                              0x2000001c   Data          20  user_diskio.o(.data)
    uwTick                                   0x20000030   Data           4  stm32f1xx_hal.o(.data)
    uwTickPrio                               0x20000034   Data           4  stm32f1xx_hal.o(.data)
    uwTickFreq                               0x20000038   Data           1  stm32f1xx_hal.o(.data)
    SystemCoreClock                          0x2000003c   Data           4  system_stm32f1xx.o(.data)
    Fat_Wdata                                0x20000048   Data        1024  main.o(.bss)
    Data_buf                                 0x20000448   Data          16  main.o(.bss)
    hi2c2                                    0x20000458   Data          84  i2c.o(.bss)
    hspi1                                    0x200004ac   Data          88  spi.o(.bss)
    USERFatFS                                0x20000504   Data         560  fatfs.o(.bss)
    USERFile                                 0x20000734   Data         556  fatfs.o(.bss)
    disk                                     0x20000978   Data          12  ff_gen_drv.o(.bss)
    __initial_sp                             0x20000d88   Data           0  startup_stm32f103xb.o(STACK)



==============================================================================

Memory Map of the image

  Image Entry point : 0x080000ed

  Load Region LR_IROM1 (Base: 0x08000000, Size: 0x00004e50, Max: 0x00020000, ABSOLUTE)

    Execution Region ER_IROM1 (Exec base: 0x08000000, Load base: 0x08000000, Size: 0x00004e08, Max: 0x00020000, ABSOLUTE)

    Exec Addr    Load Addr    Size         Type   Attr      Idx    E Section Name        Object

    0x08000000   0x08000000   0x000000ec   Data   RO            3    RESET               startup_stm32f103xb.o
    0x080000ec   0x080000ec   0x00000000   Code   RO         3301  * .ARM.Collect$$$$00000000  mc_w.l(entry.o)
    0x080000ec   0x080000ec   0x00000004   Code   RO         3577    .ARM.Collect$$$$00000001  mc_w.l(entry2.o)
    0x080000f0   0x080000f0   0x00000004   Code   RO         3580    .ARM.Collect$$$$00000004  mc_w.l(entry5.o)
    0x080000f4   0x080000f4   0x00000000   Code   RO         3582    .ARM.Collect$$$$00000008  mc_w.l(entry7b.o)
    0x080000f4   0x080000f4   0x00000000   Code   RO         3584    .ARM.Collect$$$$0000000A  mc_w.l(entry8b.o)
    0x080000f4   0x080000f4   0x00000008   Code   RO         3585    .ARM.Collect$$$$0000000B  mc_w.l(entry9a.o)
    0x080000fc   0x080000fc   0x00000000   Code   RO         3587    .ARM.Collect$$$$0000000D  mc_w.l(entry10a.o)
    0x080000fc   0x080000fc   0x00000000   Code   RO         3589    .ARM.Collect$$$$0000000F  mc_w.l(entry11a.o)
    0x080000fc   0x080000fc   0x00000004   Code   RO         3578    .ARM.Collect$$$$00002712  mc_w.l(entry2.o)
    0x08000100   0x08000100   0x00000024   Code   RO            4    .text               startup_stm32f103xb.o
    0x08000124   0x08000124   0x00000020   Code   RO         3304    .text               mc_w.l(llushr.o)
    0x08000144   0x08000144   0x00000024   Code   RO         3306    .text               mc_w.l(memseta.o)
    0x08000168   0x08000168   0x00000018   Code   RO         3308    .text               mc_w.l(strcat.o)
    0x08000180   0x08000180   0x000000e4   Code   RO         3571    .text               mf_w.l(dmul.o)
    0x08000264   0x08000264   0x000000de   Code   RO         3573    .text               mf_w.l(ddiv.o)
    0x08000342   0x08000342   0x0000001a   Code   RO         3575    .text               mf_w.l(dfltui.o)
    0x0800035c   0x0800035c   0x0000002c   Code   RO         3594    .text               mc_w.l(uidiv.o)
    0x08000388   0x08000388   0x00000062   Code   RO         3596    .text               mc_w.l(uldiv.o)
    0x080003ea   0x080003ea   0x00000000   Code   RO         3598    .text               mc_w.l(iusefp.o)
    0x080003ea   0x080003ea   0x000000ba   Code   RO         3599    .text               mf_w.l(depilogue.o)
    0x080004a4   0x080004a4   0x0000014e   Code   RO         3601    .text               mf_w.l(dadd.o)
    0x080005f2   0x080005f2   0x00000030   Code   RO         3603    .text               mf_w.l(dfixul.o)
    0x08000622   0x08000622   0x00000002   PAD
    0x08000624   0x08000624   0x00000030   Code   RO         3605    .text               mf_w.l(cdrcmple.o)
    0x08000654   0x08000654   0x00000024   Code   RO         3607    .text               mc_w.l(init.o)
    0x08000678   0x08000678   0x0000001e   Code   RO         3610    .text               mc_w.l(llshl.o)
    0x08000696   0x08000696   0x00000024   Code   RO         3612    .text               mc_w.l(llsshr.o)
    0x080006ba   0x080006ba   0x00000004   Code   RO          513    i.BusFault_Handler  stm32f1xx_it.o
    0x080006be   0x080006be   0x00000002   Code   RO          514    i.DebugMon_Handler  stm32f1xx_it.o
    0x080006c0   0x080006c0   0x00000002   Code   RO          311    i.Error_Handler     main.o
    0x080006c2   0x080006c2   0x00000012   Code   RO         3220    i.FATFS_LinkDriver  ff_gen_drv.o
    0x080006d4   0x080006d4   0x00000054   Code   RO         3221    i.FATFS_LinkDriverEx  ff_gen_drv.o
    0x08000728   0x08000728   0x0000007a   Code   RO          245    i.FCD2214_GetCap_Data  bsp_fdc2214.o
    0x080007a2   0x080007a2   0x00000002   PAD
    0x080007a4   0x080007a4   0x00000038   Code   RO          246    i.FDC2214_Calculate_Cap  bsp_fdc2214.o
    0x080007dc   0x080007dc   0x000000ba   Code   RO          247    i.FDC2214_Init      bsp_fdc2214.o
    0x08000896   0x08000896   0x00000002   PAD
    0x08000898   0x08000898   0x00000040   Code   RO          248    i.FDC2214_ReadReg   bsp_fdc2214.o
    0x080008d8   0x080008d8   0x0000003c   Code   RO          249    i.FDC2214_WriteReg  bsp_fdc2214.o
    0x08000914   0x08000914   0x00000014   Code   RO          250    i.FDC_I2C2_ErrHandel  bsp_fdc2214.o
    0x08000928   0x08000928   0x00000138   Code   RO         2163    i.HAL_GPIO_DeInit   stm32f1xx_hal_gpio.o
    0x08000a60   0x08000a60   0x0000031c   Code   RO         2166    i.HAL_GPIO_Init     stm32f1xx_hal_gpio.o
    0x08000d7c   0x08000d7c   0x0000000c   Code   RO         1869    i.HAL_GetTick       stm32f1xx_hal.o
    0x08000d88   0x08000d88   0x0000003c   Code   RO          801    i.HAL_I2C_DeInit    stm32f1xx_hal_i2c.o
    0x08000dc4   0x08000dc4   0x0000017c   Code   RO          810    i.HAL_I2C_Init      stm32f1xx_hal_i2c.o
    0x08000f40   0x08000f40   0x00000348   Code   RO          826    i.HAL_I2C_Mem_Read  stm32f1xx_hal_i2c.o
    0x08001288   0x08001288   0x00000188   Code   RO          829    i.HAL_I2C_Mem_Write  stm32f1xx_hal_i2c.o
    0x08001410   0x08001410   0x00000030   Code   RO          427    i.HAL_I2C_MspDeInit  i2c.o
    0x08001440   0x08001440   0x00000078   Code   RO          428    i.HAL_I2C_MspInit   i2c.o
    0x080014b8   0x080014b8   0x00000028   Code   RO         1874    i.HAL_Init          stm32f1xx_hal.o
    0x080014e0   0x080014e0   0x0000004c   Code   RO         1875    i.HAL_InitTick      stm32f1xx_hal.o
    0x0800152c   0x0800152c   0x00000054   Code   RO          584    i.HAL_MspInit       stm32f1xx_hal_msp.o
    0x08001580   0x08001580   0x0000007c   Code   RO         2332    i.HAL_NVIC_SetPriority  stm32f1xx_hal_cortex.o
    0x080015fc   0x080015fc   0x00000028   Code   RO         2333    i.HAL_NVIC_SetPriorityGrouping  stm32f1xx_hal_cortex.o
    0x08001624   0x08001624   0x0000000c   Code   RO         2026    i.HAL_RCC_GetHCLKFreq  stm32f1xx_hal_rcc.o
    0x08001630   0x08001630   0x00000020   Code   RO         2028    i.HAL_RCC_GetPCLK1Freq  stm32f1xx_hal_rcc.o
    0x08001650   0x08001650   0x00000036   Code   RO         1238    i.HAL_SPI_DeInit    stm32f1xx_hal_spi.o
    0x08001686   0x08001686   0x00000086   Code   RO         1555    i.HAL_SPI_Init      stm32f1xx_hal_spi_ex.o
    0x0800170c   0x0800170c   0x00000030   Code   RO          470    i.HAL_SPI_MspDeInit  spi.o
    0x0800173c   0x0800173c   0x0000009c   Code   RO          471    i.HAL_SPI_MspInit   spi.o
    0x080017d8   0x080017d8   0x0000021e   Code   RO         1252    i.HAL_SPI_TransmitReceive  stm32f1xx_hal_spi.o
    0x080019f6   0x080019f6   0x00000034   Code   RO         2337    i.HAL_SYSTICK_Config  stm32f1xx_hal_cortex.o
    0x08001a2a   0x08001a2a   0x00000004   Code   RO          515    i.HardFault_Handler  stm32f1xx_it.o
    0x08001a2e   0x08001a2e   0x00000034   Code   RO          848    i.I2C_IsAcknowledgeFailed  stm32f1xx_hal_i2c.o
    0x08001a62   0x08001a62   0x00000002   PAD
    0x08001a64   0x08001a64   0x00000158   Code   RO          858    i.I2C_RequestMemoryRead  stm32f1xx_hal_i2c.o
    0x08001bbc   0x08001bbc   0x000000e0   Code   RO          859    i.I2C_RequestMemoryWrite  stm32f1xx_hal_i2c.o
    0x08001c9c   0x08001c9c   0x00000056   Code   RO          867    i.I2C_WaitOnBTFFlagUntilTimeout  stm32f1xx_hal_i2c.o
    0x08001cf2   0x08001cf2   0x0000007c   Code   RO          868    i.I2C_WaitOnFlagUntilTimeout  stm32f1xx_hal_i2c.o
    0x08001d6e   0x08001d6e   0x000000ac   Code   RO          869    i.I2C_WaitOnMasterAddressFlagUntilTimeout  stm32f1xx_hal_i2c.o
    0x08001e1a   0x08001e1a   0x0000006e   Code   RO          870    i.I2C_WaitOnRXNEFlagUntilTimeout  stm32f1xx_hal_i2c.o
    0x08001e88   0x08001e88   0x00000056   Code   RO          872    i.I2C_WaitOnTXEFlagUntilTimeout  stm32f1xx_hal_i2c.o
    0x08001ede   0x08001ede   0x00000002   PAD
    0x08001ee0   0x08001ee0   0x0000001c   Code   RO          393    i.LL_APB2_GRP1_EnableClock  gpio.o
    0x08001efc   0x08001efc   0x00000122   Code   RO          750    i.LL_GPIO_Init      stm32f1xx_ll_gpio.o
    0x0800201e   0x0800201e   0x0000001c   Code   RO         1695    i.LL_Init1msTick    stm32f1xx_ll_utils.o
    0x0800203a   0x0800203a   0x00000002   PAD
    0x0800203c   0x0800203c   0x0000000c   Code   RO         1702    i.LL_SetSystemCoreClock  stm32f1xx_ll_utils.o
    0x08002048   0x08002048   0x0000001c   Code   RO          610    i.MX_FATFS_Init     fatfs.o
    0x08002064   0x08002064   0x0000007c   Code   RO          394    i.MX_GPIO_Init      gpio.o
    0x080020e0   0x080020e0   0x0000003c   Code   RO          429    i.MX_I2C2_Init      i2c.o
    0x0800211c   0x0800211c   0x00000048   Code   RO          472    i.MX_SPI1_Init      spi.o
    0x08002164   0x08002164   0x00000004   Code   RO          516    i.MemManage_Handler  stm32f1xx_it.o
    0x08002168   0x08002168   0x00000002   Code   RO          517    i.NMI_Handler       stm32f1xx_it.o
    0x0800216a   0x0800216a   0x00000002   PAD
    0x0800216c   0x0800216c   0x00000010   Code   RO         2339    i.NVIC_GetPriorityGrouping  stm32f1xx_hal_cortex.o
    0x0800217c   0x0800217c   0x00000028   Code   RO         2340    i.NVIC_SetPriority  stm32f1xx_hal_cortex.o
    0x080021a4   0x080021a4   0x00000002   Code   RO          518    i.PendSV_Handler    stm32f1xx_it.o
    0x080021a6   0x080021a6   0x00000002   PAD
    0x080021a8   0x080021a8   0x00000020   Code   RO           13    i.SD_DisSelect      bsp_spi_sd.o
    0x080021c8   0x080021c8   0x0000002a   Code   RO           15    i.SD_GetCSD         bsp_spi_sd.o
    0x080021f2   0x080021f2   0x00000026   Code   RO           16    i.SD_GetResponse    bsp_spi_sd.o
    0x08002218   0x08002218   0x00000076   Code   RO           17    i.SD_GetSectorCount  bsp_spi_sd.o
    0x0800228e   0x0800228e   0x00000002   PAD
    0x08002290   0x08002290   0x00000194   Code   RO           18    i.SD_Init           bsp_spi_sd.o
    0x08002424   0x08002424   0x00000074   Code   RO           19    i.SD_ReadDisk       bsp_spi_sd.o
    0x08002498   0x08002498   0x00000038   Code   RO           20    i.SD_RecvData       bsp_spi_sd.o
    0x080024d0   0x080024d0   0x00000024   Code   RO           21    i.SD_SPI_ReadWriteByte  bsp_spi_sd.o
    0x080024f4   0x080024f4   0x0000004c   Code   RO           22    i.SD_SPI_SpeedHigh  bsp_spi_sd.o
    0x08002540   0x08002540   0x0000004c   Code   RO           23    i.SD_SPI_SpeedLow   bsp_spi_sd.o
    0x0800258c   0x0800258c   0x00000028   Code   RO           24    i.SD_Select         bsp_spi_sd.o
    0x080025b4   0x080025b4   0x00000052   Code   RO           25    i.SD_SendBlock      bsp_spi_sd.o
    0x08002606   0x08002606   0x00000078   Code   RO           26    i.SD_SendCmd        bsp_spi_sd.o
    0x0800267e   0x0800267e   0x00000022   Code   RO           27    i.SD_WaitReady      bsp_spi_sd.o
    0x080026a0   0x080026a0   0x00000090   Code   RO           28    i.SD_WriteDisk      bsp_spi_sd.o
    0x08002730   0x08002730   0x00000028   Code   RO         1267    i.SPI_CheckFlag_BSY  stm32f1xx_hal_spi.o
    0x08002758   0x08002758   0x000000aa   Code   RO         1286    i.SPI_WaitFlagStateUntilTimeout  stm32f1xx_hal_spi.o
    0x08002802   0x08002802   0x00000002   Code   RO          519    i.SVC_Handler       stm32f1xx_it.o
    0x08002804   0x08002804   0x00000128   Code   RO          312    i.SystemClock_Config  main.o
    0x0800292c   0x0800292c   0x00000058   Code   RO         2781    i.SystemInit        system_stm32f1xx.o
    0x08002984   0x08002984   0x00000038   Code   RO          648    i.USER_initialize   user_diskio.o
    0x080029bc   0x080029bc   0x00000084   Code   RO          649    i.USER_ioctl        user_diskio.o
    0x08002a40   0x08002a40   0x00000022   Code   RO          650    i.USER_read         user_diskio.o
    0x08002a62   0x08002a62   0x00000002   PAD
    0x08002a64   0x08002a64   0x00000038   Code   RO          651    i.USER_status       user_diskio.o
    0x08002a9c   0x08002a9c   0x00000022   Code   RO          652    i.USER_write        user_diskio.o
    0x08002abe   0x08002abe   0x00000004   Code   RO          520    i.UsageFault_Handler  stm32f1xx_it.o
    0x08002ac2   0x08002ac2   0x00000002   PAD
    0x08002ac4   0x08002ac4   0x00000028   Code   RO         3545    i.__0sprintf        mc_w.l(printfa.o)
    0x08002aec   0x08002aec   0x0000000e   Code   RO         3617    i.__scatterload_copy  mc_w.l(handlers.o)
    0x08002afa   0x08002afa   0x00000002   Code   RO         3618    i.__scatterload_null  mc_w.l(handlers.o)
    0x08002afc   0x08002afc   0x0000000e   Code   RO         3619    i.__scatterload_zeroinit  mc_w.l(handlers.o)
    0x08002b0a   0x08002b0a   0x00000002   PAD
    0x08002b0c   0x08002b0c   0x00000184   Code   RO         3550    i._fp_digits        mc_w.l(printfa.o)
    0x08002c90   0x08002c90   0x000006dc   Code   RO         3551    i._printf_core      mc_w.l(printfa.o)
    0x0800336c   0x0800336c   0x00000024   Code   RO         3552    i._printf_post_padding  mc_w.l(printfa.o)
    0x08003390   0x08003390   0x0000002e   Code   RO         3553    i._printf_pre_padding  mc_w.l(printfa.o)
    0x080033be   0x080033be   0x0000000a   Code   RO         3555    i._sputc            mc_w.l(printfa.o)
    0x080033c8   0x080033c8   0x00000098   Code   RO         2874    i.check_fs          ff.o
    0x08003460   0x08003460   0x00000014   Code   RO         2875    i.chk_chr           ff.o
    0x08003474   0x08003474   0x00000090   Code   RO         2876    i.chk_lock          ff.o
    0x08003504   0x08003504   0x00000030   Code   RO         2877    i.clear_lock        ff.o
    0x08003534   0x08003534   0x00000038   Code   RO         2878    i.clmt_clust        ff.o
    0x0800356c   0x0800356c   0x00000020   Code   RO         2879    i.clust2sect        ff.o
    0x0800358c   0x0800358c   0x000000ea   Code   RO         2880    i.create_chain      ff.o
    0x08003676   0x08003676   0x00000002   PAD
    0x08003678   0x08003678   0x00000120   Code   RO         2881    i.create_name       ff.o
    0x08003798   0x08003798   0x0000004c   Code   RO         2882    i.dec_lock          ff.o
    0x080037e4   0x080037e4   0x00000064   Code   RO         2883    i.dir_alloc         ff.o
    0x08003848   0x08003848   0x00000064   Code   RO         2884    i.dir_find          ff.o
    0x080038ac   0x080038ac   0x0000015a   Code   RO         2885    i.dir_next          ff.o
    0x08003a06   0x08003a06   0x00000046   Code   RO         2887    i.dir_register      ff.o
    0x08003a4c   0x08003a4c   0x000000c8   Code   RO         2889    i.dir_sdi           ff.o
    0x08003b14   0x08003b14   0x0000002c   Code   RO         2817    i.disk_initialize   diskio.o
    0x08003b40   0x08003b40   0x00000028   Code   RO         2818    i.disk_ioctl        diskio.o
    0x08003b68   0x08003b68   0x00000030   Code   RO         2819    i.disk_read         diskio.o
    0x08003b98   0x08003b98   0x0000001c   Code   RO         2820    i.disk_status       diskio.o
    0x08003bb4   0x08003bb4   0x00000030   Code   RO         2821    i.disk_write        diskio.o
    0x08003be4   0x08003be4   0x00000028   Code   RO         2890    i.enq_lock          ff.o
    0x08003c0c   0x08003c0c   0x0000002e   Code   RO         2892    i.f_close           ff.o
    0x08003c3a   0x08003c3a   0x00000002   PAD
    0x08003c3c   0x08003c3c   0x00000064   Code   RO         2899    i.f_mount           ff.o
    0x08003ca0   0x08003ca0   0x000001be   Code   RO         2900    i.f_open            ff.o
    0x08003e5e   0x08003e5e   0x000000ca   Code   RO         2909    i.f_sync            ff.o
    0x08003f28   0x08003f28   0x00000256   Code   RO         2913    i.f_write           ff.o
    0x0800417e   0x0800417e   0x00000002   PAD
    0x08004180   0x08004180   0x000003dc   Code   RO         2914    i.find_volume       ff.o
    0x0800455c   0x0800455c   0x0000009c   Code   RO         2915    i.follow_path       ff.o
    0x080045f8   0x080045f8   0x000000ee   Code   RO         2916    i.get_fat           ff.o
    0x080046e6   0x080046e6   0x00000004   Code   RO          611    i.get_fattime       fatfs.o
    0x080046ea   0x080046ea   0x00000048   Code   RO         2918    i.get_ldnumber      ff.o
    0x08004732   0x08004732   0x00000002   PAD
    0x08004734   0x08004734   0x000000e8   Code   RO         2919    i.inc_lock          ff.o
    0x0800481c   0x0800481c   0x00000022   Code   RO         2920    i.ld_clust          ff.o
    0x0800483e   0x0800483e   0x00000002   PAD
    0x08004840   0x08004840   0x000000e8   Code   RO          313    i.main              main.o
    0x08004928   0x08004928   0x00000026   Code   RO         2921    i.mem_cmp           ff.o
    0x0800494e   0x0800494e   0x0000001a   Code   RO         2922    i.mem_cpy           ff.o
    0x08004968   0x08004968   0x00000014   Code   RO         2923    i.mem_set           ff.o
    0x0800497c   0x0800497c   0x00000038   Code   RO         2924    i.move_window       ff.o
    0x080049b4   0x080049b4   0x00000146   Code   RO         2925    i.put_fat           ff.o
    0x08004afa   0x08004afa   0x0000007a   Code   RO         2927    i.remove_chain      ff.o
    0x08004b74   0x08004b74   0x00000010   Code   RO         2928    i.st_clust          ff.o
    0x08004b84   0x08004b84   0x000000f4   Code   RO         2929    i.sync_fs           ff.o
    0x08004c78   0x08004c78   0x00000060   Code   RO         2930    i.sync_window       ff.o
    0x08004cd8   0x08004cd8   0x00000042   Code   RO         2931    i.validate          ff.o
    0x08004d1a   0x08004d1a   0x00000018   Data   RO         2782    .constdata          system_stm32f1xx.o
    0x08004d32   0x08004d32   0x000000b4   Data   RO         2933    .constdata          ff.o
    0x08004de6   0x08004de6   0x00000002   PAD
    0x08004de8   0x08004de8   0x00000020   Data   RO         3615    Region$$Table       anon$$obj.o


    Execution Region RW_IRAM1 (Exec base: 0x20000000, Load base: 0x08004e08, Size: 0x00000d88, Max: 0x00005000, ABSOLUTE)

    Exec Addr    Load Addr    Size         Type   Attr      Idx    E Section Name        Object

    0x20000000   0x08004e08   0x00000001   Data   RW           30    .data               bsp_spi_sd.o
    0x20000001   0x08004e09   0x00000003   PAD
    0x20000004   0x08004e0c   0x0000000e   Data   RW          316    .data               main.o
    0x20000012   0x08004e1a   0x00000005   Data   RW          614    .data               fatfs.o
    0x20000017   0x08004e1f   0x00000001   PAD
    0x20000018   0x08004e20   0x00000018   Data   RW          654    .data               user_diskio.o
    0x20000030   0x08004e38   0x00000009   Data   RW         1881    .data               stm32f1xx_hal.o
    0x20000039   0x08004e41   0x00000003   PAD
    0x2000003c   0x08004e44   0x00000004   Data   RW         2783    .data               system_stm32f1xx.o
    0x20000040   0x08004e48   0x00000006   Data   RW         2934    .data               ff.o
    0x20000046   0x08004e4e   0x00000002   PAD
    0x20000048        -       0x00000410   Zero   RW          314    .bss                main.o
    0x20000458        -       0x00000054   Zero   RW          430    .bss                i2c.o
    0x200004ac        -       0x00000058   Zero   RW          473    .bss                spi.o
    0x20000504        -       0x0000045c   Zero   RW          612    .bss                fatfs.o
    0x20000960        -       0x00000018   Zero   RW         2932    .bss                ff.o
    0x20000978        -       0x0000000c   Zero   RW         3224    .bss                ff_gen_drv.o
    0x20000984   0x08004e4e   0x00000004   PAD
    0x20000988        -       0x00000400   Zero   RW            1    STACK               startup_stm32f103xb.o


==============================================================================

Image component sizes


      Code (inc. data)   RO Data    RW Data    ZI Data      Debug   Object Name

       508         26          0          0          0       3443   bsp_fdc2214.o
      1414         58          0          1          0     405458   bsp_spi_sd.o
       208         24          0          0          0       3689   diskio.o
        32         12          0          5       1116       1496   fatfs.o
      6028         72        180          6         24      32750   ff.o
       102          6          0          0         12       1631   ff_gen_drv.o
       152         22          0          0          0       3839   gpio.o
       228         38          0          0         84       2113   i2c.o
       530         70          0         14       1040      20722   main.o
       276         42          0          0         88       2205   spi.o
        36          8        236          0       1024        796   startup_stm32f103xb.o
       128         24          0          9          0       4755   stm32f1xx_hal.o
       272         22          0          0          0      25522   stm32f1xx_hal_cortex.o
      1108         56          0          0          0       2882   stm32f1xx_hal_gpio.o
      2870         50          0          0          0      11687   stm32f1xx_hal_i2c.o
        84          8          0          0          0        878   stm32f1xx_hal_msp.o
        44         16          0          0          0       1061   stm32f1xx_hal_rcc.o
       806          0          0          0          0       4107   stm32f1xx_hal_spi.o
       134          0          0          0          0       1039   stm32f1xx_hal_spi_ex.o
        24          0          0          0          0       3388   stm32f1xx_it.o
       290          0          0          0          0      10475   stm32f1xx_ll_gpio.o
        40          6          0          0          0       2217   stm32f1xx_ll_utils.o
        88         18         24          4          0       1159   system_stm32f1xx.o
       312         24          0         24          0       4164   user_diskio.o

    ----------------------------------------------------------------------
     15744        602        474         72       3392     551476   Object Totals
         0          0         32          0          0          0   (incl. Generated)
        30          0          2          9          4          0   (incl. Padding)

    ----------------------------------------------------------------------

      Code (inc. data)   RO Data    RW Data    ZI Data      Debug   Library Member Name

         0          0          0          0          0          0   entry.o
         0          0          0          0          0          0   entry10a.o
         0          0          0          0          0          0   entry11a.o
         8          4          0          0          0          0   entry2.o
         4          0          0          0          0          0   entry5.o
         0          0          0          0          0          0   entry7b.o
         0          0          0          0          0          0   entry8b.o
         8          4          0          0          0          0   entry9a.o
        30          0          0          0          0          0   handlers.o
        36          8          0          0          0         68   init.o
         0          0          0          0          0          0   iusefp.o
        30          0          0          0          0         68   llshl.o
        36          0          0          0          0         68   llsshr.o
        32          0          0          0          0         68   llushr.o
        36          0          0          0          0        108   memseta.o
      2276         86          0          0          0        520   printfa.o
        24          0          0          0          0         68   strcat.o
        44          0          0          0          0         80   uidiv.o
        98          0          0          0          0         92   uldiv.o
        48          0          0          0          0         68   cdrcmple.o
       334          0          0          0          0        148   dadd.o
       222          0          0          0          0        100   ddiv.o
       186          0          0          0          0        176   depilogue.o
        48          0          0          0          0         68   dfixul.o
        26          0          0          0          0         76   dfltui.o
       228          0          0          0          0         96   dmul.o

    ----------------------------------------------------------------------
      3758        102          0          0          0       1872   Library Totals
         4          0          0          0          0          0   (incl. Padding)

    ----------------------------------------------------------------------

      Code (inc. data)   RO Data    RW Data    ZI Data      Debug   Library Name

      2662        102          0          0          0       1140   mc_w.l
      1092          0          0          0          0        732   mf_w.l

    ----------------------------------------------------------------------
      3758        102          0          0          0       1872   Library Totals

    ----------------------------------------------------------------------

==============================================================================


      Code (inc. data)   RO Data    RW Data    ZI Data      Debug   

     19502        704        474         72       3392     546324   Grand Totals
     19502        704        474         72       3392     546324   ELF Image Totals
     19502        704        474         72          0          0   ROM Totals

==============================================================================

    Total RO  Size (Code + RO Data)                19976 (  19.51kB)
    Total RW  Size (RW Data + ZI Data)              3464 (   3.38kB)
    Total ROM Size (Code + RO Data + RW Data)      20048 (  19.58kB)

==============================================================================

