<html>
<body>
<pre>
<h1>µVision Build Log</h1>
<h2>Tool Versions:</h2>
IDE-Version: ¦ÌVision V5.25.2.0
Copyright (C) 2018 ARM Ltd and ARM Germany GmbH. All rights reserved.
License Information: Simon qi, WIT, LIC=VGX56-DYMK5-SY5VA-1TEB9-DSA4Q-ZAY08
 
Tool Versions:
Toolchain:       MDK-ARM Plus  Version: 5.25.2.0
Toolchain Path:  H:\MDK\ARM\ARMCC\Bin
C Compiler:      Armcc.exe V5.06 update 6 (build 750)
Assembler:       Armasm.exe V5.06 update 6 (build 750)
Linker/Locator:  ArmLink.exe V5.06 update 6 (build 750)
Library Manager: ArmAr.exe V5.06 update 6 (build 750)
Hex Converter:   FromElf.exe V5.06 update 6 (build 750)
CPU DLL:         SARMCM3.DLL V5.25.2.0
Dialog DLL:      DCM.DLL V1.17.1.0
Target DLL:      STLink\ST-LINKIII-KEIL_SWO.dll V3.0.1.0
Dialog DLL:      TCM.DLL V1.35.1.0
 
<h2>Project:</h2>
G:\STM32Project\STM32F103CBT6\SPI_SD\MDK-ARM\SPI_SD.uvprojx
Project File Date:  12/28/2018

<h2>Output:</h2>
*** Using Compiler 'V5.06 update 6 (build 750)', folder: 'H:\MDK\ARM\ARMCC\Bin'
Build target 'SPI_SD'
assembling startup_stm32f103xb.s...
compiling stm32f1xx_hal_gpio_ex.c...
compiling stm32f1xx_ll_gpio.c...
compiling stm32f1xx_hal_spi.c...
compiling BSP_SPI_SD.c...
compiling stm32f1xx_hal_spi_ex.c...
compiling stm32f1xx_hal_tim_ex.c...
compiling stm32f1xx_hal_tim.c...
compiling stm32f1xx_ll_rcc.c...
compiling stm32f1xx_ll_exti.c...
compiling stm32f1xx_hal.c...
compiling stm32f1xx_ll_utils.c...
compiling stm32f1xx_hal_rcc.c...
compiling stm32f1xx_hal_gpio.c...
compiling stm32f1xx_hal_rcc_ex.c...
compiling stm32f1xx_hal_dma.c...
compiling stm32f1xx_hal_cortex.c...
compiling stm32f1xx_hal_flash.c...
compiling stm32f1xx_hal_pwr.c...
compiling stm32f1xx_hal_flash_ex.c...
compiling gpio.c...
compiling main.c...
Warning: L6171W: Code symbol free defined in non executable section main.o(.data).
Finished: 0 information, 1 warning and 0 error messages.
compiling spi.c...
compiling stm32f1xx_it.c...
compiling system_stm32f1xx.c...
compiling stm32f1xx_hal_msp.c...
compiling fatfs.c...
compiling user_diskio.c...
compiling diskio.c...
compiling ff_gen_drv.c...
compiling syscall.c...
compiling ff.c...
linking...
SPI_SD\SPI_SD.axf: Warning: L6171W: Code symbol free defined in non executable section main.o(.data).
Program Size: Code=12412 RO-data=440 RW-data=88 ZI-data=3288  
Finished: 0 information, 1 warning and 0 error messages.
"SPI_SD\SPI_SD.axf" - 0 Error(s), 2 Warning(s).

<h2>Software Packages used:</h2>

Package Vendor: ARM
                http://www.keil.com/pack/ARM.CMSIS.5.4.0.pack
                ARM.CMSIS.5.4.0
                CMSIS (Cortex Microcontroller Software Interface Standard)
   * Component: CORE Version: 5.1.2

Package Vendor: Keil
                http://www.keil.com/pack/Keil.STM32F1xx_DFP.2.2.0.pack
                Keil.STM32F1xx_DFP.2.2.0
                STMicroelectronics STM32F1 Series Device Support, Drivers and Examples

<h2>Collection of Component include folders:</h2>
  .\RTE\_SPI_SD
  H:\MDK\ARM\PACK\ARM\CMSIS\5.4.0\CMSIS\Core\Include
  H:\MDK\ARM\PACK\Keil\STM32F1xx_DFP\2.2.0\Device\Include

<h2>Collection of Component Files used:</h2>

   * Component: ARM::CMSIS:CORE:5.1.2
Build Time Elapsed:  00:00:33
</pre>
</body>
</html>
